
> libapp2@0.1.0 build
> prisma generate && next build

Loaded Prisma config from prisma.config.ts.

Prisma schema loaded from prisma/schema.prisma.

✔ Generated Prisma Client (v7.3.0) to ./node_modules/@prisma/client in 166ms

Start by importing your Prisma Client (See: https://pris.ly/d/importing-client)


▲ Next.js 16.1.6 (Turbopack)
- Environments: .env

  Creating an optimized production build ...
✓ Compiled successfully in 11.7s
  Running TypeScript ...
Failed to compile.

./src/features/products/pages/AdminProductsPage.tsx:31:1
Type error: 'logger' is declared but its value is never read.

[0m [90m 29 |[39m [36mimport[39m type { [33mProductWithImages[39m } [36mfrom[39m [32m"@/features/products/types"[39m[33m;[39m
 [90m 30 |[39m [36mimport[39m { logClientError } [36mfrom[39m [32m"@/shared/utils/observability/client-error-logger"[39m[33m;[39m
[31m[1m>[22m[39m[90m 31 |[39m [36mimport[39m { logger } [36mfrom[39m [32m"@/shared/utils/logger"[39m[33m;[39m
 [90m    |[39m [31m[1m^[22m[39m
 [90m 32 |[39m [36mimport[39m { useDrafts[33m,[39m draftKeys } [36mfrom[39m [32m"@/features/drafter/hooks/useDrafts"[39m[33m;[39m
 [90m 33 |[39m [36mimport[39m { getProducts } [36mfrom[39m [32m"@/features/products/api"[39m[33m;[39m
 [90m 34 |[39m[0m
Next.js build worker exited with code: 1 and signal: null
