
> libapp2@0.1.0 build
> prisma generate && next build

Loaded Prisma config from prisma.config.ts.

Prisma schema loaded from prisma/schema.prisma.

✔ Generated Prisma Client (v7.3.0) to ./node_modules/@prisma/client in 176ms

Start by importing your Prisma Client (See: https://pris.ly/d/importing-client)


⚠ Warning: Next.js inferred your workspace root, but it may not be correct.
 We detected multiple lockfiles and selected the directory of /Users/michalmatynia/package-lock.json as the root directory.
 To silence this warning, set `turbopack.root` in your Next.js config, or consider removing one of the lockfiles if it's not needed.
   See https://nextjs.org/docs/app/api-reference/config/next-config-js/turbopack#root-directory for more information.
 Detected additional lockfiles: 
   * /Users/michalmatynia/Desktop/NPM/2026/Gemini new Pull/geminitestapp/package-lock.json

▲ Next.js 16.1.6 (Turbopack)
- Environments: .env
- Experiments (use with caution):
  · proxyClientMaxBodySize: "50mb"

  Creating an optimized production build ...
✓ Compiled successfully in 17.5s
  Running TypeScript ...
