
> libapp2@0.1.0 test
> vitest


 DEV  v2.1.9 /Users/michalmatynia/Desktop/NPM/2026/Gemini new Pull/geminitestapp

 ✓ __tests__/features/prompt-exploder/parser.test.ts (16 tests) 63ms
 ✓ __tests__/features/products/hooks/useProductSettingsQueries.test.tsx (16 tests) 87ms
 ✓ __tests__/features/ai/ai-paths/runtime/evaluate-graph.test.ts (9 tests) 23ms
stdout | __tests__/api/products/products.test.ts > Products API > GET /api/products > should return all products when no filters are applied
[DEBUG] MockResponse.json status: 200

stdout | __tests__/api/products/products.test.ts > Products API > GET /api/products > should return an empty array if no products exist
[DEBUG] MockResponse.json status: 200

stdout | __tests__/api/products/products.test.ts > Products API > GET /api/products > should filter products by name_en using the search parameter
[DEBUG] MockResponse.json status: 200

stdout | __tests__/api/products/products.test.ts > Products API > POST /api/products > should reject invalid product data (invalid price)
[DEBUG] MockResponse.json status: 400

stdout | __tests__/api/products/products.test.ts > Products API > POST /api/products > should successfully create a product with localized name and description fields
[DEBUG] MockResponse.json status: 200

stdout | __tests__/api/products/products.test.ts > Products API > PUT /api/products/[id] > should return 404 when updating a non-existent product
[DEBUG] apiHandlerWithParams mock caught error: { name: 'AppError', code: 'NOT_FOUND', message: 'Product not found' }

stdout | __tests__/api/products/products.test.ts > Products API > DELETE /api/products/[id] > should return 404 when deleting a non-existent product
[DEBUG] apiHandlerWithParams mock caught error: { name: 'AppError', code: 'NOT_FOUND', message: 'Product not found' }

stdout | __tests__/api/products/products.test.ts > Products API > GET /api/public/products/[id] > should return a single product
[DEBUG] MockResponse.json status: 200

stdout | __tests__/api/products/products.test.ts > Products API > POST /api/products/[id]/duplicate > should return 404 when product does not exist
[DEBUG] apiHandlerWithParams mock caught error: { name: 'AppError', code: 'NOT_FOUND', message: 'Product not found' }

 ✓ __tests__/api/products/products.test.ts (9 tests) 30ms
 ✓ src/features/case-resolver/__tests__/settings.test.ts (7 tests) 26ms
 ✓ __tests__/features/products/services/productService.test.ts (14 tests) 662ms
 ✓ __tests__/features/cms/services/page-builder-reducer.test.ts (15 tests) 20ms
 ✓ src/shared/utils/__tests__/master-folder-tree-nesting.test.ts (18 tests) 29ms
stderr | __tests__/features/cms/components/ComponentSettingsPanel.test.tsx
THREE.WARNING: Multiple instances of Three.js being imported.

stderr | __tests__/features/cms/components/ComponentSettingsPanel.test.tsx > ComponentSettingsPanel Component > should handle removing a section
[MSW] Warning: intercepted a request without a matching request handler:

  • POST /api/client-errors

  • Request body: {"message":"Network Error","timestamp":"2026-02-15T19:33:39.399Z","url":"http://localhost:3000/","userAgent":"Mozilla/5.0 (darwin) AppleWebKit/537.36 (KHTML, like Gecko) jsdom/27.4.0","name":"Error","stack":"Error: Network Error\n    at apiClient (/Users/michalmatynia/Desktop/NPM/2026/Gemini new Pull/geminitestapp/src/shared/lib/api-client.ts:159:26)\n    at processTicksAndRejections (node:internal/process/task_queues:105:5)","context":{"endpoint":"/api/user/preferences","method":"GET","traceId":"c98dc86e-1f18-46ee-824a-d0e7aaea3928"}}

If you still wish to intercept this unhandled request, please create a request handler for it.
Read more: https://mswjs.io/docs/http/intercepting-requests

 ✓ __tests__/features/cms/components/ComponentSettingsPanel.test.tsx (5 tests) 295ms
 ✓ __tests__/features/notesapp/services/note-service.test.ts (11 tests) 704ms
 ✓ __tests__/features/ai/image-studio/utils/version-graph.test.ts (13 tests) 17ms
stdout | __tests__/features/cms/api/cms-pages.test.ts > CMS Pages API > GET /api/cms/pages > should return an empty list when no pages exist
[DEBUG] MockResponse.json status: 200

stdout | __tests__/features/cms/api/cms-pages.test.ts > CMS Pages API > GET /api/cms/pages > should return all pages
[DEBUG] MockResponse.json status: 200

stdout | __tests__/features/cms/api/cms-pages.test.ts > CMS Pages API > POST /api/cms/pages > should create a new page without slugs
[DEBUG] MockResponse.json status: 200

stdout | __tests__/features/cms/api/cms-pages.test.ts > CMS Pages API > POST /api/cms/pages > should create a new page with slugs
[DEBUG] MockResponse.json status: 200

stdout | __tests__/features/cms/api/cms-pages.test.ts > CMS Pages API > POST /api/cms/pages > should create a new page with a theme
[DEBUG] MockResponse.json status: 200

stdout | __tests__/features/cms/api/cms-pages.test.ts > CMS Pages API > POST /api/cms/pages > should return 400 for invalid input
[DEBUG] MockResponse.json status: 400

stdout | __tests__/features/cms/api/cms-pages.test.ts > CMS Pages API > GET /api/cms/pages/[id] > should return a page by ID
[DEBUG] MockResponse.json status: 200

stdout | __tests__/features/cms/api/cms-pages.test.ts > CMS Pages API > GET /api/cms/pages/[id] > should return 404 for non-existent page
[DEBUG] apiHandlerWithParams mock caught error: { name: 'AppError', code: 'NOT_FOUND', message: 'Page not found' }

stdout | __tests__/features/cms/api/cms-pages.test.ts > CMS Pages API > PUT /api/cms/pages/[id] > should update page basic info, components and theme
[DEBUG] MockResponse.json status: 200

stdout | __tests__/features/cms/api/cms-pages.test.ts > CMS Pages API > PUT /api/cms/pages/[id] > should return 404 when updating non-existent page
[DEBUG] apiHandlerWithParams mock caught error: {
  name: 'PrismaClientKnownRequestError',
  code: 'P2025',
  message: '\n' +
    'Invalid `prisma.page.update()` invocation:\n' +
    '\n' +
    '\n' +
    'An operation failed because it depends on one or more records that were required but not found. No record was found for an update.'
}

 ✓ __tests__/features/cms/api/cms-pages.test.ts (12 tests) 437ms
 ✓ __tests__/features/observability/lib/ai-paths-slo-notifier.test.ts (6 tests) 12ms
stderr | logSystemEvent (/Users/michalmatynia/Desktop/NPM/2026/Gemini new Pull/geminitestapp/src/features/observability/lib/system-logger.ts:235:15)
[ai-paths-slo-notifier] [ai-paths-slo-notifier] [ai-paths-slo-notifier] Webhook failed {
  service: 'ai-paths-slo-notifier',
  status: 503,
  statusText: 'Down',
  category: 'AI',
  fingerprint: 'f2bb1c09ec1532a0'
}

 ✓ __tests__/features/prompt-exploder/helpers/logical-conditions.test.ts (32 tests) 19ms
 ✓ __tests__/features/cms/hooks/useCmsQueries.test.tsx (12 tests) 374ms
 ❯ __tests__/features/notesapp/pages/notes-page.test.tsx (3 tests | 1 failed) 2109ms
   ✓ Notes page UI > renders notes from the API 384ms
   × Notes page UI > filters notes by search and tag 1230ms
     → Unable to find role="heading" and name "Alpha"

Ignored nodes: comments, script, style
[36m<body>[39m
  [36m<div>[39m
    [36m<div[39m
      [33mclass[39m=[32m"w-full"[39m
    [36m>[39m
      [36m<div[39m
        [33mclass[39m=[32m"grid h-[calc(100vh-120px)] w-full grid-cols-1 gap-6 lg:grid-cols-[420px_minmax(0,1fr)]"[39m
      [36m>[39m
        [36m<div[39m
          [33mclass[39m=[32m"overflow-hidden rounded-lg border border-border/60 bg-card/40 p-0 hidden lg:block"[39m
        [36m>[39m
          [36m<div[39m
            [33mclass[39m=[32m"relative flex h-full flex-col bg-gray-900 border-r border-border"[39m
          [36m>[39m
            [36m<div[39m
              [33mclass[39m=[32m"flex flex-col gap-4 lg:flex-row lg:items-center lg:justify-between"[39m
            [36m>[39m
              [36m<div[39m
                [33mclass[39m=[32m"space-y-2 flex-1 min-w-0"[39m
              [36m>[39m
                [0m [0m
                [36m<div[39m
                  [33mclass[39m=[32m"flex items-center gap-3"[39m
                [36m>[39m
                  [36m<h1[39m
                    [33mclass[39m=[32m"text-[11px] font-bold uppercase tracking-wider text-gray-400"[39m
                  [36m>[39m
                    [0mFolders[0m
                  [36m</h1>[39m
                [36m</div>[39m
              [36m</div>[39m
              [36m<div[39m
                [33mclass[39m=[32m"flex flex-wrap items-center gap-2 shrink-0"[39m
              [36m>[39m
                [0m [0m
                [36m<button[39m
                  [33mclass[39m=[32m"inline-flex items-center justify-center whitespace-nowrap text-sm font-medium transition-colors focus-visible:outline-none focus-visible:ring-2 focus-visible:ring-ring/40 focus-visible:ring-offset-2 disabled:pointer-events-none disabled:cursor-not-allowed disabled:opacity-50 ring-offset-background cursor-pointer border-foreground/15 bg-transparent rounded-lg h-7 w-7 p-0 border text-gray-300 hover:bg-muted/50"[39m
                  [33mtitle[39m=[32m"Add folder"[39m
                [36m>[39m
                  [36m<svg[39m
                    [33maria-hidden[39m=[32m"true"[39m
                    [33mclass[39m=[32m"lucide lucide-folder-plus size-4"[39m
                    [33mfill[39m=[32m"none"[39m
                    [33mheight[39m=[32m"24"[39m
                    [33mstroke[39m=[32m"currentColor"[39m
                    [33mstroke-linecap[39m=[32m"round"[39m
                    [33mstroke-linejoin[39m=[32m"round"[39m
                    [33mstroke-width[39m=[32m"2"[39m
                    [33mviewBox[39m=[32m"0 0 24 24"[39m
                    [33mwidth[39m=[32m"24"[39m
                    [33mxmlns[39m=[32m"http://www.w3.org/2000/svg"[39m
                  [36m>[39m
                    [36m<path[39m
                      [33md[39m=[32m"M12 10v6"[39m
                    [36m/>[39m
                    [36m<path[39m
                      [33md[39m=[32m"M9 13h6"[39m
                    [36m/>[39m
                    [36m<path[39m
                      [33md[39m=[32m"M20 20a2 2 0 0 0 2-2V8a2 2 0 0 0-2-2h-7.9a2 2 0 0 1-1.69-.9L9.6 3.9A2 2 0 0 0 7.93 3H4a2 2 0 0 0-2 2v13a2 2 0 0 0 2 2Z"[39m
                    [36m/>[39m
                  [36m</svg>[39m
                [36m</button>[39m
                [36m<button[39m
                  [33mclass[39m=[32m"inline-flex items-center justify-center whitespace-nowrap text-sm font-medium transition-colors focus-visible:outline-none focus-visible:ring-2 focus-visible:ring-ring/40 focus-visible:ring-offset-2 disabled:pointer-events-none disabled:cursor-not-allowed disabled:opacity-50 ring-offset-background cursor-pointer border-foreground/15 bg-transparent rounded-lg h-7 w-7 p-0 border text-gray-300 hover:bg-muted/50"[39m
                  [33mtitle[39m=[32m"Add note"[39m
                [36m>[39m
                  [36m<svg[39m
                    [33maria-hidden[39m=[32m"true"[39m
                    [33mclass[39m=[32m"lucide lucide-file-plus size-4"[39m
                    [33mfill[39m=[32m"none"[39m
                    [33mheight[39m=[32m"24"[39m
                    [33mstroke[39m=[32m"currentColor"[39m
                    [33mstroke-linecap[39m=[32m"round"[39m
                    [33mstroke-linejoin[39m=[32m"round"[39m
                    [33mstroke-width[39m=[32m"2"[39m
                    [33mviewBox[39m=[32m"0 0 24 24"[39m
                    [33mwidth[39m=[32m"24"[39m
                    [33mxmlns[39m=[32m"http://www.w3.org/2000/svg"[39m
                  [36m>[39m
                    [36m<path[39m
                      [33md[39m=[32m"M6 22a2 2 0 0 1-2-2V4a2 2 0 0 1 2-2h8a2.4 2.4 0 0 1 1.704.706l3.588 3.588A2.4 2.4 0 0 1 20 8v12a2 2 0 0 1-2 2z"[39m
                    [36m/>[39m
                    [36m<path[39m
                      [33md[39m=[32m"M14 2v5a1 1 0 0 0 1 1h5"[39m
                    [36m/>[39m
                    [36m<path[39m
                      [33md[39m=[32m"M9 15h6"[39m
                    [36m/>[39m
                    [36m<path[39m
                      [33md[39m=[32m"M12 18v-6"[39m
                    [36m/>[39m
                  [36m</svg>[39m
                [36m</button>[39m
                [36m<button[39m
                  [33mclass[39m=[32m"inline-flex items-center justify-center whitespace-nowrap text-sm font-medium transition-colors focus-visible:outline-none focus-visible:ring-2 focus-visible:ring-ring/40 focus-visible:ring-offset-2 disabled:pointer-events-none disabled:cursor-not-allowed disabled:opacity-50 ring-offset-background cursor-pointer border-foreground/15 bg-transparent rounded-lg h-7 px-2 border text-gray-300 hover:bg-muted/50"[39m
                  [33mdisabled[39m=[32m""[39m
                [36m>[39m
                  [0mUndo[0m
                [36m</button>[39m
                [36m<button[39m
                  [33mclass[39m=[32m"inline-flex items-center justify-center whitespace-nowrap text-sm font-medium transition-colors focus-visible:outline-none focus-visible:ring-2 focus-visible:ring-ring/40 focus-visible:ring-offset-2 disabled:pointer-events-none disabled:cursor-not-allowed disabled:opacity-50 ring-offset-background cursor-pointer border-foreground/15 bg-transparent rounded-lg h-7 w-7 p-0 border text-gray-300 hover:bg-muted/50"[39m
                  [33mtitle[39m=[32m"Collapse folder tree"[39m
                [36m>[39m
                  [36m<svg[39m
                    [33maria-hidden[39m=[32m"true"[39m
                    [33mclass[39m=[32m"lucide lucide-chevron-right size-4"[39m
                    [33mfill[39m=[32m"none"[39m
                    [33mheight[39m=[32m"24"[39m
                    [33mstroke[39m=[32m"currentColor"[39m
                    [33mstroke-linecap[39m=[32m"round"[39m
           ...

Ignored nodes: comments, script, style
[36m<html>[39m
  [36m<head />[39m
  [36m<body>[39m
    [36m<div>[39m
      [36m<div[39m
        [33mclass[39m=[32m"w-full"[39m
      [36m>[39m
        [36m<div[39m
          [33mclass[39m=[32m"grid h-[calc(100vh-120px)] w-full grid-cols-1 gap-6 lg:grid-cols-[420px_minmax(0,1fr)]"[39m
        [36m>[39m
          [36m<div[39m
            [33mclass[39m=[32m"overflow-hidden rounded-lg border border-border/60 bg-card/40 p-0 hidden lg:block"[39m
          [36m>[39m
            [36m<div[39m
              [33mclass[39m=[32m"relative flex h-full flex-col bg-gray-900 border-r border-border"[39m
            [36m>[39m
              [36m<div[39m
                [33mclass[39m=[32m"flex flex-col gap-4 lg:flex-row lg:items-center lg:justify-between"[39m
              [36m>[39m
                [36m<div[39m
                  [33mclass[39m=[32m"space-y-2 flex-1 min-w-0"[39m
                [36m>[39m
                  [0m [0m
                  [36m<div[39m
                    [33mclass[39m=[32m"flex items-center gap-3"[39m
                  [36m>[39m
                    [36m<h1[39m
                      [33mclass[39m=[32m"text-[11px] font-bold uppercase tracking-wider text-gray-400"[39m
                    [36m>[39m
                      [0mFolders[0m
                    [36m</h1>[39m
                  [36m</div>[39m
                [36m</div>[39m
                [36m<div[39m
                  [33mclass[39m=[32m"flex flex-wrap items-center gap-2 shrink-0"[39m
                [36m>[39m
                  [0m [0m
                  [36m<button[39m
                    [33mclass[39m=[32m"inline-flex items-center justify-center whitespace-nowrap text-sm font-medium transition-colors focus-visible:outline-none focus-visible:ring-2 focus-visible:ring-ring/40 focus-visible:ring-offset-2 disabled:pointer-events-none disabled:cursor-not-allowed disabled:opacity-50 ring-offset-background cursor-pointer border-foreground/15 bg-transparent rounded-lg h-7 w-7 p-0 border text-gray-300 hover:bg-muted/50"[39m
                    [33mtitle[39m=[32m"Add folder"[39m
                  [36m>[39m
                    [36m<svg[39m
                      [33maria-hidden[39m=[32m"true"[39m
                      [33mclass[39m=[32m"lucide lucide-folder-plus size-4"[39m
                      [33mfill[39m=[32m"none"[39m
                      [33mheight[39m=[32m"24"[39m
                      [33mstroke[39m=[32m"currentColor"[39m
                      [33mstroke-linecap[39m=[32m"round"[39m
                      [33mstroke-linejoin[39m=[32m"round"[39m
                      [33mstroke-width[39m=[32m"2"[39m
                      [33mviewBox[39m=[32m"0 0 24 24"[39m
                      [33mwidth[39m=[32m"24"[39m
                      [33mxmlns[39m=[32m"http://www.w3.org/2000/svg"[39m
                    [36m>[39m
                      [36m<path[39m
                        [33md[39m=[32m"M12 10v6"[39m
                      [36m/>[39m
                      [36m<path[39m
                        [33md[39m=[32m"M9 13h6"[39m
                      [36m/>[39m
                      [36m<path[39m
                        [33md[39m=[32m"M20 20a2 2 0 0 0 2-2V8a2 2 0 0 0-2-2h-7.9a2 2 0 0 1-1.69-.9L9.6 3.9A2 2 0 0 0 7.93 3H4a2 2 0 0 0-2 2v13a2 2 0 0 0 2 2Z"[39m
                      [36m/>[39m
                    [36m</svg>[39m
                  [36m</button>[39m
                  [36m<button[39m
                    [33mclass[39m=[32m"inline-flex items-center justify-center whitespace-nowrap text-sm font-medium transition-colors focus-visible:outline-none focus-visible:ring-2 focus-visible:ring-ring/40 focus-visible:ring-offset-2 disabled:pointer-events-none disabled:cursor-not-allowed disabled:opacity-50 ring-offset-background cursor-pointer border-foreground/15 bg-transparent rounded-lg h-7 w-7 p-0 border text-gray-300 hover:bg-muted/50"[39m
                    [33mtitle[39m=[32m"Add note"[39m
                  [36m>[39m
                    [36m<svg[39m
                      [33maria-hidden[39m=[32m"true"[39m
                      [33mclass[39m=[32m"lucide lucide-file-plus size-4"[39m
                      [33mfill[39m=[32m"none"[39m
                      [33mheight[39m=[32m"24"[39m
                      [33mstroke[39m=[32m"currentColor"[39m
                      [33mstroke-linecap[39m=[32m"round"[39m
                      [33mstroke-linejoin[39m=[32m"round"[39m
                      [33mstroke-width[39m=[32m"2"[39m
                      [33mviewBox[39m=[32m"0 0 24 24"[39m
                      [33mwidth[39m=[32m"24"[39m
                      [33mxmlns[39m=[32m"http://www.w3.org/2000/svg"[39m
                    [36m>[39m
                      [36m<path[39m
                        [33md[39m=[32m"M6 22a2 2 0 0 1-2-2V4a2 2 0 0 1 2-2h8a2.4 2.4 0 0 1 1.704.706l3.588 3.588A2.4 2.4 0 0 1 20 8v12a2 2 0 0 1-2 2z"[39m
                      [36m/>[39m
                      [36m<path[39m
                        [33md[39m=[32m"M14 2v5a1 1 0 0 0 1 1h5"[39m
                      [36m/>[39m
                      [36m<path[39m
                        [33md[39m=[32m"M9 15h6"[39m
                      [36m/>[39m
                      [36m<path[39m
                        [33md[39m=[32m"M12 18v-6"[39m
                      [36m/>[39m
                    [36m</svg>[39m
                  [36m</button>[39m
                  [36m<button[39m
                    [33mclass[39m=[32m"inline-flex items-center justify-center whitespace-nowrap text-sm font-medium transition-colors focus-visible:outline-none focus-visible:ring-2 focus-visible:ring-ring/40 focus-visible:ring-offset-2 disabled:pointer-events-none disabled:cursor-not-allowed disabled:opacity-50 ring-offset-background cursor-pointer border-foreground/15 bg-transparent rounded-lg h-7 px-2 border text-gray-300 hover:bg-muted/50"[39m
                    [33mdisabled[39m=[32m""[39m
                  [36m>[39m
                    [0mUndo[0m
                  [36m</button>[39m
                  [36m<button[39m
                    [33mclass[39m=[32m"inline-flex items-center justify-center whitespace-nowrap text-sm font-medium transition-colors focus-visible:outline-none focus-visible:ring-2 focus-visible:ring-ring/40 focus-visible:ring-offset-2 disabled:pointer-events-none disabled:cursor-not-allowed disabled:opacity-50 ring-offset-background cursor-pointer border-foreground/15 bg-transparent rounded-lg h-7 w-7 p-0 border text-gray-300 hover:bg-muted/50"[39m
                    [33mtitle[39m=[32m"Collapse folder tree"[39m
                  [36m>[39m
                    [36m<svg[39m
                      [33maria-hidden[39m=[32m"true"[39m
                      [33mclass[39m=[32m"lucide lucide-chevron-right s...
   ✓ Notes page UI > creates a new note from the modal 492ms
stdout | __tests__/features/notesapp/api/notes.test.ts > Notes API > returns notes with relations
[DEBUG] MockResponse.json status: 200

stdout | __tests__/features/notesapp/api/notes.test.ts > Notes API > filters notes by search scope and flags
[DEBUG] MockResponse.json status: 200

stdout | __tests__/features/notesapp/api/notes.test.ts > Notes API > filters notes by tags and categories
[DEBUG] MockResponse.json status: 200

stdout | __tests__/features/notesapp/api/notes.test.ts > Notes API > creates a note with tags and categories
[DEBUG] MockResponse.json status: 201

stdout | __tests__/features/notesapp/api/notes.test.ts > Notes API > rejects note creation without title/content
[DEBUG] MockResponse.json status: 400

stdout | __tests__/features/notesapp/api/notes.test.ts > Notes API > fetches a note by id and returns 404 when missing
[DEBUG] MockResponse.json status: 200

stdout | __tests__/features/notesapp/api/notes.test.ts > Notes API > fetches a note by id and returns 404 when missing
[DEBUG] apiHandlerWithParams mock caught error: { name: 'AppError', code: 'NOT_FOUND', message: 'Note not found' }

stdout | __tests__/features/notesapp/api/notes.test.ts > Notes API > updates a note with new relations
[DEBUG] MockResponse.json status: 200

stdout | __tests__/features/notesapp/api/notes.test.ts > Notes API > deletes a note
[DEBUG] MockResponse.json status: 200

 ✓ __tests__/features/notesapp/api/notes.test.ts (8 tests) 618ms
   ✓ Notes API > returns notes with relations 360ms
 ✓ __tests__/features/notesapp/pages/notes-advanced.test.tsx (6 tests) 1633ms
   ✓ Notes Advanced UI > switches between grid and list views 356ms
   ✓ Notes Advanced UI > edits a note and saves 334ms
   ✓ Notes Advanced UI > deletes a note from edit mode 333ms
 ✓ __tests__/features/agent-runtime/services/tools.test.ts (4 tests) 10ms
 ✓ __tests__/features/agent-runtime/services/engine.test.ts (5 tests) 6ms
 ✓ __tests__/features/ai/ai-paths/services/path-run-repository.test.ts (11 tests) 650ms
 ✓ __tests__/features/ai/ai-paths/runtime/handlers/transform.test.ts (10 tests) 20ms
 ✓ __tests__/features/ai/ai-paths/runtime/handlers/integration.test.ts (8 tests) 20ms
 ✓ __tests__/features/cms/components/PageBuilderLayout.test.tsx (5 tests) 104ms
 ✓ __tests__/features/prompt-exploder/template-learning.test.ts (6 tests) 14ms
 ✓ __tests__/features/cms/hooks/usePageBuilderContext.test.tsx (8 tests) 36ms
 ✓ src/features/cms/components/page-builder/utils/__tests__/cms-master-tree-adapter.test.ts (6 tests) 15ms
 ✓ __tests__/features/jobs/workers/aiPathRunQueue.test.ts (8 tests) 15ms
 ✓ __tests__/features/integrations/services/integration-repository.test.ts (8 tests) 7ms
 ✓ __tests__/features/products/hooks/useProductValidatorIssues.test.tsx (4 tests) 34ms
stderr | __tests__/features/cms/components/PageBuilderUI.test.tsx
THREE.WARNING: Multiple instances of Three.js being imported.

 ✓ __tests__/features/cms/components/PageBuilderUI.test.tsx (3 tests) 1074ms
   ✓ PageBuilder UI Integration > should allow adding a section and see it in the preview 458ms
   ✓ PageBuilder UI Integration > should handle undo/redo operations 383ms
 ✓ __tests__/features/chatbot/services/chatbot-session-repository.test.ts (9 tests) 21ms
 ✓ __tests__/features/cms/services/repository.test.ts (9 tests) 8ms
 ✓ __tests__/features/ai/ai-paths/runtime/handlers/common.test.ts (14 tests) 15ms
stderr | __tests__/features/foldertree/master/MasterFolderTree.test.tsx > MasterFolderTree > emits onNodeDrop callback with dragged and target identifiers
An update to MasterTreeHarness inside a test was not wrapped in act(...).

When testing, code that causes React state updates should be wrapped into act(...):

act(() => {
  /* fire events that update state */
});
/* assert on the output */

This ensures that you're testing the behavior the user would see in the browser. Learn more at https://react.dev/link/wrap-tests-with-act
An update to MasterFolderTree inside a test was not wrapped in act(...).

When testing, code that causes React state updates should be wrapped into act(...):

act(() => {
  /* fire events that update state */
});
/* assert on the output */

This ensures that you're testing the behavior the user would see in the browser. Learn more at https://react.dev/link/wrap-tests-with-act
An update to MasterFolderTree inside a test was not wrapped in act(...).

When testing, code that causes React state updates should be wrapped into act(...):

act(() => {
  /* fire events that update state */
});
/* assert on the output */

This ensures that you're testing the behavior the user would see in the browser. Learn more at https://react.dev/link/wrap-tests-with-act

stderr | __tests__/features/foldertree/master/MasterFolderTree.test.tsx > MasterFolderTree > emits before position when dropping near the top edge of a row
An update to MasterTreeHarness inside a test was not wrapped in act(...).

When testing, code that causes React state updates should be wrapped into act(...):

act(() => {
  /* fire events that update state */
});
/* assert on the output */

This ensures that you're testing the behavior the user would see in the browser. Learn more at https://react.dev/link/wrap-tests-with-act
An update to MasterFolderTree inside a test was not wrapped in act(...).

When testing, code that causes React state updates should be wrapped into act(...):

act(() => {
  /* fire events that update state */
});
/* assert on the output */

This ensures that you're testing the behavior the user would see in the browser. Learn more at https://react.dev/link/wrap-tests-with-act
An update to MasterFolderTree inside a test was not wrapped in act(...).

When testing, code that causes React state updates should be wrapped into act(...):

act(() => {
  /* fire events that update state */
});
/* assert on the output */

This ensures that you're testing the behavior the user would see in the browser. Learn more at https://react.dev/link/wrap-tests-with-act

stderr | __tests__/features/foldertree/master/MasterFolderTree.test.tsx > MasterFolderTree > emits root drop payload when dropping on the top root zone
An update to MasterTreeHarness inside a test was not wrapped in act(...).

When testing, code that causes React state updates should be wrapped into act(...):

act(() => {
  /* fire events that update state */
});
/* assert on the output */

This ensures that you're testing the behavior the user would see in the browser. Learn more at https://react.dev/link/wrap-tests-with-act
An update to MasterFolderTree inside a test was not wrapped in act(...).

When testing, code that causes React state updates should be wrapped into act(...):

act(() => {
  /* fire events that update state */
});
/* assert on the output */

This ensures that you're testing the behavior the user would see in the browser. Learn more at https://react.dev/link/wrap-tests-with-act
An update to MasterFolderTree inside a test was not wrapped in act(...).

When testing, code that causes React state updates should be wrapped into act(...):

act(() => {
  /* fire events that update state */
});
/* assert on the output */

This ensures that you're testing the behavior the user would see in the browser. Learn more at https://react.dev/link/wrap-tests-with-act

 ✓ __tests__/features/foldertree/master/MasterFolderTree.test.tsx (5 tests) 64ms
 ✓ __tests__/features/integrations/hooks/useMarketplaceMutations.test.tsx (6 tests) 47ms
 ✓ __tests__/features/cms/services/cms-domain.test.ts (9 tests) 11ms
 ✓ __tests__/shared/ui/templates/pickers/GenericGridPicker.test.tsx (12 tests) 312ms
 ✓ src/features/notesapp/utils/__tests__/notes-master-tree-adapter.test.ts (5 tests) 14ms
 ✓ __tests__/features/foldertree/master/useMasterFolderTree.test.tsx (7 tests) 35ms
 ✓ __tests__/features/agent-runtime/services/execution.test.ts (6 tests) 8ms
 ✓ __tests__/features/prompt-exploder/helpers/segment-helpers.test.ts (21 tests) 17ms
stderr | __tests__/features/products/components/product-list-header.test.tsx > ProductListHeader Component > renders title and buttons
[MSW] Warning: intercepted a request without a matching request handler:

  • GET /api/ai-paths/trigger-buttons

If you still wish to intercept this unhandled request, please create a request handler for it.
Read more: https://mswjs.io/docs/http/intercepting-requests

stderr | __tests__/features/products/components/product-list-header.test.tsx > ProductListHeader Component > calls setPage when Prev/Next buttons are clicked
[MSW] Warning: intercepted a request without a matching request handler:

  • GET /api/ai-paths/trigger-buttons

If you still wish to intercept this unhandled request, please create a request handler for it.
Read more: https://mswjs.io/docs/http/intercepting-requests

stderr | __tests__/features/products/components/product-list-header.test.tsx
[MSW] Warning: intercepted a request without a matching request handler:

  • GET /api/ai-paths/trigger-buttons

If you still wish to intercept this unhandled request, please create a request handler for it.
Read more: https://mswjs.io/docs/http/intercepting-requests
[MSW] Warning: intercepted a request without a matching request handler:

  • GET /api/ai-paths/trigger-buttons

If you still wish to intercept this unhandled request, please create a request handler for it.
Read more: https://mswjs.io/docs/http/intercepting-requests

 ✓ __tests__/features/products/components/product-list-header.test.tsx (4 tests) 269ms
 ✓ __tests__/features/viewer3d/services/prisma-asset3d-repository.test.ts (10 tests) 447ms
 ✓ __tests__/features/agent-runtime/services/step-runner.test.ts (4 tests) 8ms
 ✓ __tests__/features/admin/pages/SystemLogsPage.test.tsx (4 tests) 168ms
 ✓ src/features/case-resolver/__tests__/composer.test.ts (3 tests) 16ms
stdout | __tests__/features/internationalization/api/countries.test.ts > Countries API > GET /api/countries > should seed default countries, currencies, and languages on first call
[DEBUG] MockResponse.json status: 200

stdout | __tests__/features/internationalization/api/countries.test.ts > Countries API > GET /api/countries > should return existing countries without duplicating on subsequent calls
[DEBUG] MockResponse.json status: 200

stdout | __tests__/features/internationalization/api/countries.test.ts > Countries API > GET /api/countries > should return existing countries without duplicating on subsequent calls
[DEBUG] MockResponse.json status: 200

stdout | __tests__/features/internationalization/api/countries.test.ts > Countries API > POST /api/countries > should create a new country
[DEBUG] MockResponse.json status: 200

stdout | __tests__/features/internationalization/api/countries.test.ts > Countries API > POST /api/countries > should create a country with currencies
[DEBUG] MockResponse.json status: 200

stdout | __tests__/features/internationalization/api/countries.test.ts > Countries API > POST /api/countries > should reject invalid payload
[DEBUG] MockResponse.json status: 400

stdout | __tests__/features/internationalization/api/countries.test.ts > Countries API > PUT /api/countries/[id] > should update country currencies
[DEBUG] MockResponse.json status: 200

 ✓ __tests__/features/internationalization/api/countries.test.ts (6 tests) 427ms
 ✓ __tests__/features/cms/hooks/useCmsDomainSelection.test.tsx (6 tests) 172ms
 ✓ __tests__/features/chatbot/components/chatbot-interface.test.tsx (6 tests) 161ms
stdout | __tests__/features/internationalization/api/languages.test.ts > Languages API > GET /api/languages > should seed default languages on first call
[DEBUG] MockResponse.json status: 200

stdout | __tests__/features/internationalization/api/languages.test.ts > Languages API > POST /api/languages > should create a new language
[DEBUG] MockResponse.json status: 200

stdout | __tests__/features/internationalization/api/languages.test.ts > Languages API > POST /api/languages > should create a language with country assignments
[DEBUG] MockResponse.json status: 200

stdout | __tests__/features/internationalization/api/languages.test.ts > Languages API > POST /api/languages > should reject invalid payload
[DEBUG] MockResponse.json status: 400

stdout | __tests__/features/internationalization/api/languages.test.ts > Languages API > PUT /api/languages/[id] > should update language fields and countries
[DEBUG] MockResponse.json status: 200

 ✓ __tests__/features/internationalization/api/languages.test.ts (6 tests) 278ms
 ✓ __tests__/features/ai-paths/lib/core/runtime/engine.test.ts (5 tests) 21ms
stdout | __tests__/api/products/validator-patterns.test.ts > validator-pattern routes > POST rejects invalid dynamic source regex
[DEBUG] apiHandler mock caught error: {
  name: 'AppError',
  code: 'BAD_REQUEST',
  message: 'Invalid regex or flags'
}

stdout | __tests__/api/products/validator-patterns.test.ts > validator-pattern routes > POST rejects regex launch operator without pattern value
[DEBUG] apiHandler mock caught error: {
  name: 'AppError',
  code: 'BAD_REQUEST',
  message: 'launchValue is required when launchOperator is regex.'
}

stdout | __tests__/api/products/validator-patterns.test.ts > validator-pattern routes > PUT rejects invalid dynamic logic regex
[DEBUG] apiHandlerWithParams mock caught error: {
  name: 'AppError',
  code: 'BAD_REQUEST',
  message: 'Invalid regex or flags'
}

stdout | __tests__/api/products/validator-patterns.test.ts > validator-pattern routes > PUT rejects launch regex with invalid regex flags/pattern
[DEBUG] apiHandlerWithParams mock caught error: {
  name: 'AppError',
  code: 'BAD_REQUEST',
  message: 'Invalid regex or flags'
}

 ✓ __tests__/api/products/validator-patterns.test.ts (4 tests) 25ms
 ✓ __tests__/features/integrations/hooks/useIntegrationMutations.test.tsx (5 tests) 48ms
 ✓ __tests__/features/notesapp/services/mongo-note-repository.test.ts (7 tests) 20ms
 ✓ __tests__/features/prompt-exploder/runtime-refresh.test.ts (4 tests) 22ms
 ✓ __tests__/features/agent-runtime/services/llm-tools.test.ts (7 tests) 6ms
stderr | __tests__/features/auth/pages/signin-page.test.tsx > SignInPage > shows error message on verification failure
[MSW] Warning: intercepted a request without a matching request handler:

  • POST /api/client-errors

  • Request body: {"message":"Invalid credentials","timestamp":"2026-02-15T19:34:29.306Z","url":"http://localhost:3000/","userAgent":"Mozilla/5.0 (darwin) AppleWebKit/537.36 (KHTML, like Gecko) jsdom/27.4.0","name":"Error","stack":"Error: Invalid credentials\n    at handleSubmit (/Users/michalmatynia/Desktop/NPM/2026/Gemini new Pull/geminitestapp/src/features/auth/pages/public/SignInPage.tsx:84:26)","context":{"source":"SignInPage","action":"verifyCredentials","email":"wrong@example.com"}}

If you still wish to intercept this unhandled request, please create a request handler for it.
Read more: https://mswjs.io/docs/http/intercepting-requests

 ✓ __tests__/features/auth/pages/signin-page.test.tsx (5 tests) 609ms
 ✓ __tests__/features/foldertree/hooks/useMasterFolderTreeInstance.test.tsx (2 tests) 30ms
 ✓ src/mocks/__tests__/handlers.test.ts (13 tests) 72ms
 ✓ __tests__/features/integrations/components/GenericItemMapper.test.tsx (8 tests) 310ms
stdout | __tests__/api/auth/register.test.ts > Auth Register API > should successfully register a new user
[DEBUG] MockResponse.json status: 201

stdout | __tests__/api/auth/register.test.ts > Auth Register API > should return 409 if user already exists
[DEBUG] apiHandler mock caught error: { name: 'AppError', code: 'CONFLICT', message: 'User already exists.' }

stdout | __tests__/api/auth/register.test.ts > Auth Register API > should return 403 if registration is disabled
[DEBUG] apiHandler mock caught error: {
  name: 'AppError',
  code: 'FORBIDDEN',
  message: 'Registration is disabled.'
}

stdout | __tests__/api/auth/register.test.ts > Auth Register API > should return 400 if password does not meet policy
[DEBUG] apiHandler mock caught error: {
  name: 'AppError',
  code: 'VALIDATION_ERROR',
  message: 'Password does not meet security policy.'
}

 ✓ __tests__/api/auth/register.test.ts (4 tests) 14ms
 ✓ __tests__/shared/ui/templates/pickers/GenericPickerDropdown.test.tsx (9 tests) 349ms
 ✓ __tests__/features/prompt-exploder/prompt-library.test.ts (6 tests) 21ms
 ✓ __tests__/features/ai/ai-paths/services/path-run-service.test.ts (6 tests) 34ms
 ✓ __tests__/features/products/validation-engine/core.test.ts (5 tests) 16ms
stdout | __tests__/features/agentcreator/api/agent-run-id.test.ts > Agent Run [runId] API > GET > returns specific agent run
[DEBUG] MockResponse.json status: 200

stdout | __tests__/features/agentcreator/api/agent-run-id.test.ts > Agent Run [runId] API > GET > returns 404 if run not found
[DEBUG] apiHandlerWithParams mock caught error: { name: 'AppError', code: 'NOT_FOUND', message: 'Run not found.' }

stdout | __tests__/features/agentcreator/api/agent-run-id.test.ts > Agent Run [runId] API > POST actions > stops a running agent
[DEBUG] MockResponse.json status: 200

stdout | __tests__/features/agentcreator/api/agent-run-id.test.ts > Agent Run [runId] API > POST actions > resumes a stopped agent
[DEBUG] MockResponse.json status: 200

stdout | __tests__/features/agentcreator/api/agent-run-id.test.ts > Agent Run [runId] API > POST actions > retries a specific step
[DEBUG] MockResponse.json status: 200

stdout | __tests__/features/agentcreator/api/agent-run-id.test.ts > Agent Run [runId] API > DELETE > deletes a non-running agent
[DEBUG] MockResponse.json status: 200

stdout | __tests__/features/agentcreator/api/agent-run-id.test.ts > Agent Run [runId] API > DELETE > returns 409 when trying to delete a running agent without force
[DEBUG] apiHandlerWithParams mock caught error: {
  name: 'AppError',
  code: 'CONFLICT',
  message: 'Run is running. Stop it before deleting.'
}

 ✓ __tests__/features/agentcreator/api/agent-run-id.test.ts (7 tests) 18ms
 ✓ __tests__/features/integrations/components/GenericApiConsole.test.tsx (12 tests) 240ms
 ✓ __tests__/shared/hooks/useFormState.test.ts (10 tests) 42ms
 ✓ __tests__/features/agent-runtime/utils/utils.test.ts (15 tests) 21ms
stdout | __tests__/features/notesapp/api/categories.test.ts > Notes Categories API > lists categories
[DEBUG] MockResponse.json status: 200

stdout | __tests__/features/notesapp/api/categories.test.ts > Notes Categories API > creates a category and rejects empty names
[DEBUG] MockResponse.json status: 201
[DEBUG] MockResponse.json status: 400

stdout | __tests__/features/notesapp/api/categories.test.ts > Notes Categories API > updates a category
[DEBUG] MockResponse.json status: 200

stdout | __tests__/features/notesapp/api/categories.test.ts > Notes Categories API > returns a hierarchical category tree
[DEBUG] MockResponse.json status: 200

stdout | __tests__/features/notesapp/api/categories.test.ts > Notes Categories API > deletes categories recursively with notes
[DEBUG] MockResponse.json status: 200

 ✓ __tests__/features/notesapp/api/categories.test.ts (5 tests) 478ms
 ✓ __tests__/features/integrations/services/category-mapping-repository.test.ts (6 tests) 457ms
 ✓ __tests__/features/prompt-exploder/pattern-snapshots.test.ts (6 tests) 22ms
stderr | __tests__/features/ai/ai-paths/services/path-run-executor.test.ts > PathRunExecutor > should handle node errors correctly
[ai-paths-executor] [ai-paths-executor] Execution failed {
  service: 'ai-paths-executor',
  action: 'executePathRun',
  runId: 'mock-id-utx446w',
  category: 'AI',
  jobId: undefined,
  productId: undefined,
  error: {
    message: 'Execution failed',
    stack: 'Error: Execution failed\n' +
      '    at Proxy.<anonymous> (/Users/michalmatynia/Desktop/NPM/2026/Gemini new Pull/geminitestapp/__tests__/features/ai/ai-paths/services/path-run-executor.test.ts:124:13)\n' +
      '    at processTicksAndRejections (node:internal/process/task_queues:105:5)',
    name: 'Error'
  },
  fingerprint: '8b0b291d7ac21216'
}

 ✓ __tests__/features/ai/ai-paths/services/path-run-executor.test.ts (4 tests) 28ms
stderr | __tests__/features/cms/components/ComponentTreePanel.test.tsx > ComponentTreePanel Component > should render empty when no page is selected
An update to ComponentTreePanel inside a test was not wrapped in act(...).

When testing, code that causes React state updates should be wrapped into act(...):

act(() => {
  /* fire events that update state */
});
/* assert on the output */

This ensures that you're testing the behavior the user would see in the browser. Learn more at https://react.dev/link/wrap-tests-with-act

stderr | __tests__/features/cms/components/ComponentTreePanel.test.tsx > ComponentTreePanel Component > should render zones and sections when a page is selected
An update to ComponentTreePanel inside a test was not wrapped in act(...).

When testing, code that causes React state updates should be wrapped into act(...):

act(() => {
  /* fire events that update state */
});
/* assert on the output */

This ensures that you're testing the behavior the user would see in the browser. Learn more at https://react.dev/link/wrap-tests-with-act

stderr | __tests__/features/cms/components/ComponentTreePanel.test.tsx > ComponentTreePanel Component > should toggle zone visibility
An update to ComponentTreePanel inside a test was not wrapped in act(...).

When testing, code that causes React state updates should be wrapped into act(...):

act(() => {
  /* fire events that update state */
});
/* assert on the output */

This ensures that you're testing the behavior the user would see in the browser. Learn more at https://react.dev/link/wrap-tests-with-act

 ✓ __tests__/features/cms/components/ComponentTreePanel.test.tsx (3 tests) 102ms
 ✓ __tests__/shared/utils/master-folder-tree-engine.test.ts (5 tests) 22ms
 ✓ src/shared/utils/__tests__/master-folder-tree-engine.test.ts (5 tests) 22ms
stderr | __tests__/features/files/components/FileManager.test.tsx > FileManager Component > should render the file list
[MSW] Warning: intercepted a request without a matching request handler:

  • GET /api/assets3d

If you still wish to intercept this unhandled request, please create a request handler for it.
Read more: https://mswjs.io/docs/http/intercepting-requests

 ✓ __tests__/features/files/components/FileManager.test.tsx (6 tests) 284ms
stdout | __tests__/features/files/api/files.test.ts > Files API > GET /api/files > should return all files
[DEBUG] MockResponse.json status: 200

stdout | __tests__/features/files/api/files.test.ts > Files API > GET /api/files > should filter files by filename
[DEBUG] MockResponse.json status: 200

stdout | __tests__/features/files/api/files.test.ts > Files API > GET /api/files > should filter files by product ID
[DEBUG] MockResponse.json status: 200

stdout | __tests__/features/files/api/files.test.ts > Files API > GET /api/files > should filter files by product name
[DEBUG] MockResponse.json status: 200

stdout | __tests__/features/files/api/files.test.ts > Files API > DELETE /api/files/[id] > should return 404 for non-existent file
[DEBUG] apiHandlerWithParams mock caught error: { name: 'AppError', code: 'NOT_FOUND', message: 'File not found' }

 ✓ __tests__/features/files/api/files.test.ts (6 tests) 342ms
stdout | __tests__/features/internationalization/api/price-groups.test.ts > Price Groups API > GET /api/price-groups > should return empty list initially
[DEBUG] MockResponse.json status: 200

stdout | __tests__/features/internationalization/api/price-groups.test.ts > Price Groups API > GET /api/price-groups > should return created price groups
[DEBUG] MockResponse.json status: 200

stdout | __tests__/features/internationalization/api/price-groups.test.ts > Price Groups API > POST /api/price-groups > should create a standard price group
[DEBUG] MockResponse.json status: 200

stdout | __tests__/features/internationalization/api/price-groups.test.ts > Price Groups API > POST /api/price-groups > should create a dependent price group
[DEBUG] MockResponse.json status: 200

stdout | __tests__/features/internationalization/api/price-groups.test.ts > Price Groups API > POST /api/price-groups > should fail validation for dependent group without source
[DEBUG] MockResponse.json status: 400

 ✓ __tests__/features/internationalization/api/price-groups.test.ts (5 tests) 16ms
stdout | __tests__/features/cms/api/api-pages.test.ts > CMS Pages API > GET /api/cms/pages > should return a list of pages
[DEBUG] MockResponse.json status: 200

stdout | __tests__/features/cms/api/api-pages.test.ts > CMS Pages API > GET /api/cms/pages/[id] > should return a single page
[DEBUG] MockResponse.json status: 200

stdout | __tests__/features/cms/api/api-pages.test.ts > CMS Pages API > GET /api/cms/pages/[id] > should return 404 if page not found
[DEBUG] apiHandlerWithParams mock caught error: { name: 'AppError', code: 'NOT_FOUND', message: 'Page not found' }

stdout | __tests__/features/cms/api/api-pages.test.ts > CMS Pages API > POST /api/cms/pages > should create a new page
[DEBUG] MockResponse.json status: 200

stdout | __tests__/features/cms/api/api-pages.test.ts > CMS Pages API > PUT /api/cms/pages/[id] > should update a page
[DEBUG] MockResponse.json status: 200

 ✓ __tests__/features/cms/api/api-pages.test.ts (6 tests) 22ms
 ✓ __tests__/features/prompt-exploder/rule-learning.test.ts (4 tests) 27ms
stdout | __tests__/features/agentcreator/api/agent.test.ts > Agent API > should reject missing prompt when creating a run
[DEBUG] apiHandler mock caught error: {
  name: 'AppError',
  code: 'BAD_REQUEST',
  message: 'Prompt is required.'
}

stdout | __tests__/features/agentcreator/api/agent.test.ts > Agent API > should list agent runs with counts
[DEBUG] MockResponse.json status: 200

stdout | __tests__/features/agentcreator/api/agent.test.ts > Agent API > should return agent logs for a run
[DEBUG] MockResponse.json status: 200

stdout | __tests__/features/agentcreator/api/agent.test.ts > Agent API > should return agent audit logs for a run
[DEBUG] MockResponse.json status: 200

 ✓ __tests__/features/agentcreator/api/agent.test.ts (4 tests) 24ms
stderr | __tests__/features/auth/pages/register-page.test.tsx > RegisterPage > shows error from registration failure
[MSW] Warning: intercepted a request without a matching request handler:

  • POST /api/client-errors

  • Request body: {"message":"Email already taken","timestamp":"2026-02-15T19:34:57.094Z","url":"http://localhost:3000/","userAgent":"Mozilla/5.0 (darwin) AppleWebKit/537.36 (KHTML, like Gecko) jsdom/27.4.0","name":"Error","stack":"Error: Email already taken\n    at handleSubmit (/Users/michalmatynia/Desktop/NPM/2026/Gemini new Pull/geminitestapp/src/features/auth/pages/public/RegisterPage.tsx:62:24)","context":{"source":"RegisterPage","action":"registerUser","email":"taken@example.com"}}

If you still wish to intercept this unhandled request, please create a request handler for it.
Read more: https://mswjs.io/docs/http/intercepting-requests

 ✓ __tests__/features/auth/pages/register-page.test.tsx (4 tests) 463ms
 ✓ __tests__/features/ai/ai-paths/components/RunHistoryPanel.test.tsx (6 tests) 148ms
 ✓ __tests__/features/prompt-exploder/helpers/formatting.test.ts (20 tests) 28ms
 ✓ __tests__/features/ai/image-studio/utils/version-graph-compare.test.ts (6 tests) 15ms
 ✓ src/shared/utils/__tests__/folder-tree-profiles-v2.test.ts (4 tests) 18ms
 ✓ __tests__/features/prompt-exploder/benchmark-apply.test.ts (2 tests) 15ms
 ✓ __tests__/shared/lib/query-client.test.ts (4 tests) 18ms
 ✓ __tests__/features/agent-runtime/services/planning.test.ts (4 tests) 6ms
 ❯ __tests__/shared/lib/query-invalidation.test.ts (9 tests | 1 failed) 18ms
   × query-invalidation helpers > CMS > invalidateCmsPages should invalidate cms pages all key 2ms
     → expected "invalidateQueries" to be called with arguments: [ { queryKey: [ 'cms', 'pages' ] } ]

Received: 

  1st invalidateQueries call:

  Array [
    Object {
      "queryKey": Array [
        "cms",
        "pages",
+       "list",
      ],
    },
  ]


Number of calls: 1

 ✓ src/features/ai/image-studio/utils/__tests__/studio-master-tree-adapter.test.ts (3 tests) 16ms
 ✓ __tests__/shared/api/settings-client.test.ts (5 tests) 95ms
 ✓ __tests__/features/prompt-engine/prompt-validator-scopes.test.ts (3 tests) 19ms
 ✓ src/features/filemaker/__tests__/settings.test.ts (4 tests) 12ms
 ✓ __tests__/features/products/components/products-list.test.tsx (3 tests) 834ms
   ✓ Admin Products List UI > renders product rows 379ms
stdout | __tests__/features/chatbot/api/chatbot.test.ts > Chatbot API > should list available Ollama models
[DEBUG] MockResponse.json status: 200

stdout | __tests__/features/chatbot/api/chatbot.test.ts > Chatbot API > should return fallback models when model listing fails
[DEBUG] MockResponse.json status: 200

stdout | __tests__/features/chatbot/api/chatbot.test.ts > Chatbot API > should reject invalid chat payloads
[DEBUG] apiHandler mock caught error: {
  name: 'AppError',
  code: 'BAD_REQUEST',
  message: 'No messages provided.'
}

stdout | __tests__/features/chatbot/api/chatbot.test.ts > Chatbot API > should proxy chat requests to Ollama
[DEBUG] MockResponse.json status: 200

stdout | __tests__/features/chatbot/api/chatbot.test.ts > Chatbot API > should return a debug errorId when chat proxy fails
[DEBUG] apiHandler mock caught error: {
  name: 'AppError',
  code: 'EXTERNAL_SERVICE_ERROR',
  message: 'Ollama error: Model unavailable'
}

stdout | __tests__/features/chatbot/api/chatbot.test.ts > Chatbot API > should return a debug errorId on unexpected chat errors
[DEBUG] apiHandler mock caught error: { name: 'TypeError', code: undefined, message: 'Failed to fetch' }

 ✓ __tests__/features/chatbot/api/chatbot.test.ts (6 tests) 34ms
stdout | __tests__/features/observability/api/logs/logs.test.ts > System Logs API > GET /api/system/logs should list logs with pagination
[DEBUG] MockResponse.json status: 200

stdout | __tests__/features/observability/api/logs/logs.test.ts > System Logs API > GET /api/system/logs should support advanced triage filters
[DEBUG] MockResponse.json status: 200

stdout | __tests__/features/observability/api/logs/logs.test.ts > System Logs API > POST /api/system/logs should create a new log entry
[DEBUG] MockResponse.json status: 200

stdout | __tests__/features/observability/api/logs/logs.test.ts > System Logs API > DELETE /api/system/logs should clear logs
[DEBUG] MockResponse.json status: 200

 ✓ __tests__/features/observability/api/logs/logs.test.ts (4 tests) 14ms
 ✓ __tests__/features/cms/hooks/useBuilderKeyboardShortcuts.test.ts (7 tests) 36ms
 ✓ __tests__/features/products/services/productMigration.test.ts (4 tests) 288ms
 ✓ __tests__/features/agent-runtime/services/memory.test.ts (5 tests) 6ms
 ✓ __tests__/features/prompt-exploder/parser-tuning.test.ts (4 tests) 12ms
 ✓ __tests__/features/auth/services/totp.test.ts (8 tests) 19ms
stdout | __tests__/features/agentcreator/api/agent-creator.test.ts > Agent Creator API > GET > returns list of agent runs
[DEBUG] MockResponse.json status: 200

stdout | __tests__/features/agentcreator/api/agent-creator.test.ts > Agent Creator API > GET > returns 500 if prisma table is missing
[DEBUG] apiHandler mock caught error: {
  name: 'AppError',
  code: 'INTERNAL_SERVER_ERROR',
  message: 'Agent runs not initialized. Run prisma generate/db push.'
}

stdout | __tests__/features/agentcreator/api/agent-creator.test.ts > Agent Creator API > POST > creates a new agent run
[DEBUG] MockResponse.json status: 200

stdout | __tests__/features/agentcreator/api/agent-creator.test.ts > Agent Creator API > POST > returns 400 if prompt is missing
[DEBUG] apiHandler mock caught error: {
  name: 'AppError',
  code: 'BAD_REQUEST',
  message: 'Prompt is required.'
}

stdout | __tests__/features/agentcreator/api/agent-creator.test.ts > Agent Creator API > DELETE > deletes terminal runs
[DEBUG] MockResponse.json status: 200

stdout | __tests__/features/agentcreator/api/agent-creator.test.ts > Agent Creator API > DELETE > returns 400 for unsupported scope
[DEBUG] apiHandler mock caught error: {
  name: 'AppError',
  code: 'BAD_REQUEST',
  message: 'Unsupported delete scope.'
}

 ✓ __tests__/features/agentcreator/api/agent-creator.test.ts (6 tests) 16ms
 ✓ __tests__/features/observability/services/system-log-repository.test.ts (6 tests) 5ms
 ✓ __tests__/features/products/services/prismaProductRepository.test.ts (6 tests) 376ms
 ✓ __tests__/shared/ui/templates/modals/SelectModal.test.tsx (7 tests) 247ms
 ✓ __tests__/features/chatbot/services/chatbot-job-repository.test.ts (5 tests) 20ms
stderr | __tests__/features/products/pages/product-edit-page.test.tsx > EditProductForm > renders the form with product data in the General tab
[MSW] Warning: intercepted a request without a matching request handler:

  • GET /api/products/1/studio

If you still wish to intercept this unhandled request, please create a request handler for it.
Read more: https://mswjs.io/docs/http/intercepting-requests

 ✓ __tests__/features/products/pages/product-edit-page.test.tsx (3 tests) 557ms
   ✓ EditProductForm > renders the form with product data in the General tab 314ms
stderr | __tests__/features/cms/components/SettingsFieldRenderer.test.tsx
THREE.WARNING: Multiple instances of Three.js being imported.

 ✓ __tests__/features/cms/components/SettingsFieldRenderer.test.tsx (5 tests) 132ms
 ✓ src/features/foldertree/master/__tests__/createMasterFolderTreeAdapter.test.ts (4 tests) 13ms
 ✓ src/features/prompt-exploder/__tests__/bridge.test.ts (2 tests) 14ms
 ✓ __tests__/features/viewer3d/components/Asset3DCard.test.tsx (8 tests) 210ms
 ✓ __tests__/features/auth/services/auth-user-repository.test.ts (5 tests) 12ms
 ✓ __tests__/features/prompt-exploder/manual-bindings.test.ts (4 tests) 16ms
 ✓ __tests__/shared/utils/folder-tree-profiles-v2.test.ts (4 tests) 16ms
 ✓ __tests__/features/viewer3d/api/asset3d-api.test.ts (8 tests) 47ms
stderr | __tests__/features/admin/components/Menu.test.tsx > Menu Component > renders main menu categories
Received `false` for a non-boolean attribute `prefetch`.

If you want to write it to the DOM, pass a string instead: prefetch="false" or prefetch={value.toString()}.

If you used to conditionally omit it with prefetch={condition && value}, pass prefetch={condition ? value : undefined} instead.

 ✓ __tests__/features/admin/components/Menu.test.tsx (4 tests) 539ms
   ✓ Menu Component > contains correctly linked standalone sections 330ms
 ✓ __tests__/features/products/services/getSettingValue.test.ts (5 tests) 6ms
 ✓ __tests__/features/viewer3d/components/Asset3DEditModal.test.tsx (4 tests) 290ms
 ✓ __tests__/features/jobs/workers/productAiQueue.test.ts (3 tests) 16ms
 ✓ src/features/products/components/settings/__tests__/category-master-tree-adapter.test.ts (3 tests) 13ms
 ✓ __tests__/features/ai/ai-paths/runtime/handlers/generation.test.ts (5 tests) 17ms
 ✓ __tests__/features/agent-runtime/services/plan-init.test.ts (3 tests) 7ms
 ✓ __tests__/features/prompt-engine/PromptEngineFilters.test.tsx (2 tests) 118ms
 ✓ __tests__/features/prompt-exploder/benchmark.test.ts (5 tests) 43ms
 ✓ __tests__/features/agent-runtime/planning/utils.test.ts (14 tests) 17ms
 ✓ __tests__/features/chatbot/hooks/useChatbotMutations.test.tsx (4 tests) 245ms
 ✓ __tests__/shared/ui/templates/pickers/usePickerSearch.test.ts (9 tests) 79ms
stdout | __tests__/features/chatbot/api/chatbot-sessions.test.ts > Chatbot Sessions API > GET: returns all sessions
[DEBUG] MockResponse.json status: 200

stdout | __tests__/features/chatbot/api/chatbot-sessions.test.ts > Chatbot Sessions API > POST: creates a new session
[DEBUG] MockResponse.json status: 201

stdout | __tests__/features/chatbot/api/chatbot-sessions.test.ts > Chatbot Sessions API > PATCH: updates a session title
[DEBUG] MockResponse.json status: 200

stdout | __tests__/features/chatbot/api/chatbot-sessions.test.ts > Chatbot Sessions API > DELETE: deletes a session
[DEBUG] MockResponse.json status: 200

stdout | __tests__/features/chatbot/api/chatbot-sessions.test.ts > Chatbot Sessions API > DELETE: returns 404 if session not found
[DEBUG] MockResponse.json status: 404

 ✓ __tests__/features/chatbot/api/chatbot-sessions.test.ts (5 tests) 17ms
 ✓ __tests__/features/products/hooks/useProductMetadataQueries.test.tsx (3 tests) 40ms
 ✓ __tests__/features/jobs/workers/agentQueue.test.ts (3 tests) 7ms
stderr | logSystemEvent (/Users/michalmatynia/Desktop/NPM/2026/Gemini new Pull/geminitestapp/src/features/observability/lib/system-logger.ts:233:15)
[agent-queue] [agent-queue] Agent Crash {
  service: 'agent-queue',
  runId: 'run-fail',
  category: 'SYSTEM',
  jobId: undefined,
  productId: undefined,
  error: {
    message: 'Agent Crash',
    stack: 'Error: Agent Crash\n' +
      '    at /Users/michalmatynia/Desktop/NPM/2026/Gemini new Pull/geminitestapp/__tests__/features/jobs/workers/agentQueue.test.ts:82:54\n' +
      '    at file:///Users/michalmatynia/Desktop/NPM/2026/Gemini%20new%20Pull/geminitestapp/node_modules/@vitest/runner/dist/index.js:146:14\n' +
      '    at file:///Users/michalmatynia/Desktop/NPM/2026/Gemini%20new%20Pull/geminitestapp/node_modules/@vitest/runner/dist/index.js:533:11\n' +
      '    at runWithTimeout (file:///Users/michalmatynia/Desktop/NPM/2026/Gemini%20new%20Pull/geminitestapp/node_modules/@vitest/runner/dist/index.js:39:7)\n' +
      '    at runTest (file:///Users/michalmatynia/Desktop/NPM/2026/Gemini%20new%20Pull/geminitestapp/node_modules/@vitest/runner/dist/index.js:1056:17)\n' +
      '    at processTicksAndRejections (node:internal/process/task_queues:105:5)\n' +
      '    at runSuite (file:///Users/michalmatynia/Desktop/NPM/2026/Gemini%20new%20Pull/geminitestapp/node_modules/@vitest/runner/dist/index.js:1205:15)\n' +
      '    at runSuite (file:///Users/michalmatynia/Desktop/NPM/2026/Gemini%20new%20Pull/geminitestapp/node_modules/@vitest/runner/dist/index.js:1205:15)\n' +
      '    at runFiles (file:///Users/michalmatynia/Desktop/NPM/2026/Gemini%20new%20Pull/geminitestapp/node_modules/@vitest/runner/dist/index.js:1262:5)\n' +
      '    at startTests (file:///Users/michalmatynia/Desktop/NPM/2026/Gemini%20new%20Pull/geminitestapp/node_modules/@vitest/runner/dist/index.js:1271:3)',
    name: 'Error'
  },
  fingerprint: 'c0257f90ad78033f'
}

 ✓ __tests__/features/foldertree/master/useSyncMasterFolderTreeExternalState.test.tsx (3 tests) 24ms
stdout | __tests__/shared/utils/retry.test.ts > Retry Utils > withCircuitBreaker > half-opens and resets after timeout
Expected failure during circuit breaker trip: Error: Fail
    at /Users/michalmatynia/Desktop/NPM/2026/Gemini new Pull/geminitestapp/__tests__/shared/utils/retry.test.ts:79:44
    at file:///Users/michalmatynia/Desktop/NPM/2026/Gemini%20new%20Pull/geminitestapp/node_modules/@vitest/runner/dist/index.js:146:14
    at file:///Users/michalmatynia/Desktop/NPM/2026/Gemini%20new%20Pull/geminitestapp/node_modules/@vitest/runner/dist/index.js:533:11
    at runWithTimeout (file:///Users/michalmatynia/Desktop/NPM/2026/Gemini%20new%20Pull/geminitestapp/node_modules/@vitest/runner/dist/index.js:39:7)
    at runTest (file:///Users/michalmatynia/Desktop/NPM/2026/Gemini%20new%20Pull/geminitestapp/node_modules/@vitest/runner/dist/index.js:1056:17)
    at runSuite (file:///Users/michalmatynia/Desktop/NPM/2026/Gemini%20new%20Pull/geminitestapp/node_modules/@vitest/runner/dist/index.js:1205:15)
    at runSuite (file:///Users/michalmatynia/Desktop/NPM/2026/Gemini%20new%20Pull/geminitestapp/node_modules/@vitest/runner/dist/index.js:1205:15)
    at runSuite (file:///Users/michalmatynia/Desktop/NPM/2026/Gemini%20new%20Pull/geminitestapp/node_modules/@vitest/runner/dist/index.js:1205:15)
    at runFiles (file:///Users/michalmatynia/Desktop/NPM/2026/Gemini%20new%20Pull/geminitestapp/node_modules/@vitest/runner/dist/index.js:1262:5)
    at startTests (file:///Users/michalmatynia/Desktop/NPM/2026/Gemini%20new%20Pull/geminitestapp/node_modules/@vitest/runner/dist/index.js:1271:3)
Expected failure during circuit breaker trip: Error: Fail
    at /Users/michalmatynia/Desktop/NPM/2026/Gemini new Pull/geminitestapp/__tests__/shared/utils/retry.test.ts:79:44
    at file:///Users/michalmatynia/Desktop/NPM/2026/Gemini%20new%20Pull/geminitestapp/node_modules/@vitest/runner/dist/index.js:146:14
    at file:///Users/michalmatynia/Desktop/NPM/2026/Gemini%20new%20Pull/geminitestapp/node_modules/@vitest/runner/dist/index.js:533:11
    at runWithTimeout (file:///Users/michalmatynia/Desktop/NPM/2026/Gemini%20new%20Pull/geminitestapp/node_modules/@vitest/runner/dist/index.js:39:7)
    at runTest (file:///Users/michalmatynia/Desktop/NPM/2026/Gemini%20new%20Pull/geminitestapp/node_modules/@vitest/runner/dist/index.js:1056:17)
    at runSuite (file:///Users/michalmatynia/Desktop/NPM/2026/Gemini%20new%20Pull/geminitestapp/node_modules/@vitest/runner/dist/index.js:1205:15)
    at runSuite (file:///Users/michalmatynia/Desktop/NPM/2026/Gemini%20new%20Pull/geminitestapp/node_modules/@vitest/runner/dist/index.js:1205:15)
    at runSuite (file:///Users/michalmatynia/Desktop/NPM/2026/Gemini%20new%20Pull/geminitestapp/node_modules/@vitest/runner/dist/index.js:1205:15)
    at runFiles (file:///Users/michalmatynia/Desktop/NPM/2026/Gemini%20new%20Pull/geminitestapp/node_modules/@vitest/runner/dist/index.js:1262:5)
    at startTests (file:///Users/michalmatynia/Desktop/NPM/2026/Gemini%20new%20Pull/geminitestapp/node_modules/@vitest/runner/dist/index.js:1271:3)
Expected failure during circuit breaker trip: Error: Fail
    at /Users/michalmatynia/Desktop/NPM/2026/Gemini new Pull/geminitestapp/__tests__/shared/utils/retry.test.ts:79:44
    at file:///Users/michalmatynia/Desktop/NPM/2026/Gemini%20new%20Pull/geminitestapp/node_modules/@vitest/runner/dist/index.js:146:14
    at file:///Users/michalmatynia/Desktop/NPM/2026/Gemini%20new%20Pull/geminitestapp/node_modules/@vitest/runner/dist/index.js:533:11
    at runWithTimeout (file:///Users/michalmatynia/Desktop/NPM/2026/Gemini%20new%20Pull/geminitestapp/node_modules/@vitest/runner/dist/index.js:39:7)
    at runTest (file:///Users/michalmatynia/Desktop/NPM/2026/Gemini%20new%20Pull/geminitestapp/node_modules/@vitest/runner/dist/index.js:1056:17)
    at runSuite (file:///Users/michalmatynia/Desktop/NPM/2026/Gemini%20new%20Pull/geminitestapp/node_modules/@vitest/runner/dist/index.js:1205:15)
    at runSuite (file:///Users/michalmatynia/Desktop/NPM/2026/Gemini%20new%20Pull/geminitestapp/node_modules/@vitest/runner/dist/index.js:1205:15)
    at runSuite (file:///Users/michalmatynia/Desktop/NPM/2026/Gemini%20new%20Pull/geminitestapp/node_modules/@vitest/runner/dist/index.js:1205:15)
    at runFiles (file:///Users/michalmatynia/Desktop/NPM/2026/Gemini%20new%20Pull/geminitestapp/node_modules/@vitest/runner/dist/index.js:1262:5)
    at startTests (file:///Users/michalmatynia/Desktop/NPM/2026/Gemini%20new%20Pull/geminitestapp/node_modules/@vitest/runner/dist/index.js:1271:3)
Expected failure during circuit breaker trip: Error: Fail
    at /Users/michalmatynia/Desktop/NPM/2026/Gemini new Pull/geminitestapp/__tests__/shared/utils/retry.test.ts:79:44
    at file:///Users/michalmatynia/Desktop/NPM/2026/Gemini%20new%20Pull/geminitestapp/node_modules/@vitest/runner/dist/index.js:146:14
    at file:///Users/michalmatynia/Desktop/NPM/2026/Gemini%20new%20Pull/geminitestapp/node_modules/@vitest/runner/dist/index.js:533:11
    at runWithTimeout (file:///Users/michalmatynia/Desktop/NPM/2026/Gemini%20new%20Pull/geminitestapp/node_modules/@vitest/runner/dist/index.js:39:7)
    at runTest (file:///Users/michalmatynia/Desktop/NPM/2026/Gemini%20new%20Pull/geminitestapp/node_modules/@vitest/runner/dist/index.js:1056:17)
    at runSuite (file:///Users/michalmatynia/Desktop/NPM/2026/Gemini%20new%20Pull/geminitestapp/node_modules/@vitest/runner/dist/index.js:1205:15)
    at runSuite (file:///Users/michalmatynia/Desktop/NPM/2026/Gemini%20new%20Pull/geminitestapp/node_modules/@vitest/runner/dist/index.js:1205:15)
    at runSuite (file:///Users/michalmatynia/Desktop/NPM/2026/Gemini%20new%20Pull/geminitestapp/node_modules/@vitest/runner/dist/index.js:1205:15)
    at runFiles (file:///Users/michalmatynia/Desktop/NPM/2026/Gemini%20new%20Pull/geminitestapp/node_modules/@vitest/runner/dist/index.js:1262:5)
    at startTests (file:///Users/michalmatynia/Desktop/NPM/2026/Gemini%20new%20Pull/geminitestapp/node_modules/@vitest/runner/dist/index.js:1271:3)
Expected failure during circuit breaker trip: Error: Fail
    at /Users/michalmatynia/Desktop/NPM/2026/Gemini new Pull/geminitestapp/__tests__/shared/utils/retry.test.ts:79:44
    at file:///Users/michalmatynia/Desktop/NPM/2026/Gemini%20new%20Pull/geminitestapp/node_modules/@vitest/runner/dist/index.js:146:14
    at file:///Users/michalmatynia/Desktop/NPM/2026/Gemini%20new%20Pull/geminitestapp/node_modules/@vitest/runner/dist/index.js:533:11
    at runWithTimeout (file:///Users/michalmatynia/Desktop/NPM/2026/Gemini%20new%20Pull/geminitestapp/node_modules/@vitest/runner/dist/index.js:39:7)
    at runTest (file:///Users/michalmatynia/Desktop/NPM/2026/Gemini%20new%20Pull/geminitestapp/node_modules/@vitest/runner/dist/index.js:1056:17)
    at runSuite (file:///Users/michalmatynia/Desktop/NPM/2026/Gemini%20new%20Pull/geminitestapp/node_modules/@vitest/runner/dist/index.js:1205:15)
    at runSuite (file:///Users/michalmatynia/Desktop/NPM/2026/Gemini%20new%20Pull/geminitestapp/node_modules/@vitest/runner/dist/index.js:1205:15)
    at runSuite (file:///Users/michalmatynia/Desktop/NPM/2026/Gemini%20new%20Pull/geminitestapp/node_modules/@vitest/runner/dist/index.js:1205:15)
    at runFiles (file:///Users/michalmatynia/Desktop/NPM/2026/Gemini%20new%20Pull/geminitestapp/node_modules/@vitest/runner/dist/index.js:1262:5)
    at startTests (file:///Users/michalmatynia/Desktop/NPM/2026/Gemini%20new%20Pull/geminitestapp/node_modules/@vitest/runner/dist/index.js:1271:3)

 ✓ __tests__/shared/utils/retry.test.ts (5 tests) 32ms
 ✓ __tests__/features/notesapp/utils/master-folder-tree.test.ts (2 tests) 12ms
 ✓ __tests__/features/cms/components/CmsDomainSelector.test.tsx (4 tests) 45ms
 ✓ src/features/foldertree/master/__tests__/internal-drop.test.ts (5 tests) 14ms
stderr | __tests__/features/cms/components/CmsPageRenderer.test.tsx
THREE.WARNING: Multiple instances of Three.js being imported.

 ✓ __tests__/features/cms/components/CmsPageRenderer.test.tsx (4 tests) 46ms
 ✓ __tests__/features/prompt-exploder/hierarchy-master-tree.test.ts (3 tests) 12ms
 ✓ __tests__/features/admin/pages/AdminFrontManagePage.test.tsx (3 tests) 240ms
 ✓ __tests__/features/integrations/services/export-template-repository.test.ts (5 tests) 195ms
 ✓ __tests__/features/observability/lib/critical-error-notifier.test.ts (4 tests) 6ms
 ✓ __tests__/shared/lib/observability/critical-error-notifier.test.ts (4 tests) 6ms
stderr | __tests__/features/admin/components/AdminLayout.test.tsx > AdminLayout > renders children correctly
Received `false` for a non-boolean attribute `prefetch`.

If you want to write it to the DOM, pass a string instead: prefetch="false" or prefetch={value.toString()}.

If you used to conditionally omit it with prefetch={condition && value}, pass prefetch={condition ? value : undefined} instead.
[MSW] Warning: intercepted a request without a matching request handler:

  • POST /api/client-errors

  • Request body: {"message":"Failed to error the \"GET http://localhost:3000/api/user/preferences\" request with \"AbortError: The operation was aborted.\": the request has already been handled (2)","timestamp":"2026-02-15T19:35:48.804Z","url":"http://localhost:3000/","userAgent":"Mozilla/5.0 (darwin) AppleWebKit/537.36 (KHTML, like Gecko) jsdom/27.4.0","name":"Error","stack":"Error: Failed to error the \"GET http://localhost:3000/api/user/preferences\" request with \"AbortError: The operation was aborted.\": the request has already been handled (2)\n    at apiClient (/Users/michalmatynia/Desktop/NPM/2026/Gemini new Pull/geminitestapp/src/shared/lib/api-client.ts:159:26)\n    at processTicksAndRejections (node:internal/process/task_queues:105:5)","context":{"endpoint":"/api/user/preferences","method":"GET","traceId":"c7db0e4e-9624-449c-baf4-f34c21c142bc"}}

If you still wish to intercept this unhandled request, please create a request handler for it.
Read more: https://mswjs.io/docs/http/intercepting-requests

stderr | __tests__/features/admin/components/AdminLayout.test.tsx
[MSW] Warning: intercepted a request without a matching request handler:

  • POST /api/client-errors

  • Request body: {"message":"Failed to error the \"GET http://localhost:3000/api/user/preferences\" request with \"AbortError: The operation was aborted.\": the request has already been handled (2)","timestamp":"2026-02-15T19:35:49.005Z","url":"http://localhost:3000/","userAgent":"Mozilla/5.0 (darwin) AppleWebKit/537.36 (KHTML, like Gecko) jsdom/27.4.0","name":"Error","stack":"Error: Failed to error the \"GET http://localhost:3000/api/user/preferences\" request with \"AbortError: The operation was aborted.\": the request has already been handled (2)\n    at apiClient (/Users/michalmatynia/Desktop/NPM/2026/Gemini new Pull/geminitestapp/src/shared/lib/api-client.ts:159:26)\n    at processTicksAndRejections (node:internal/process/task_queues:105:5)","context":{"endpoint":"/api/user/preferences","method":"GET","traceId":"c7db0e4e-9624-449c-baf4-f34c21c142bc"}}

If you still wish to intercept this unhandled request, please create a request handler for it.
Read more: https://mswjs.io/docs/http/intercepting-requests
[MSW] Warning: intercepted a request without a matching request handler:

  • POST /api/client-errors

  • Request body: {"message":"Failed to error the \"GET http://localhost:3000/api/user/preferences\" request with \"AbortError: The operation was aborted.\": the request has already been handled (2)","timestamp":"2026-02-15T19:35:49.037Z","url":"http://localhost:3000/","userAgent":"Mozilla/5.0 (darwin) AppleWebKit/537.36 (KHTML, like Gecko) jsdom/27.4.0","name":"Error","stack":"Error: Failed to error the \"GET http://localhost:3000/api/user/preferences\" request with \"AbortError: The operation was aborted.\": the request has already been handled (2)\n    at apiClient (/Users/michalmatynia/Desktop/NPM/2026/Gemini new Pull/geminitestapp/src/shared/lib/api-client.ts:159:26)\n    at processTicksAndRejections (node:internal/process/task_queues:105:5)","context":{"endpoint":"/api/user/preferences","method":"GET","traceId":"c7db0e4e-9624-449c-baf4-f34c21c142bc"}}

If you still wish to intercept this unhandled request, please create a request handler for it.
Read more: https://mswjs.io/docs/http/intercepting-requests

 ✓ __tests__/features/admin/components/AdminLayout.test.tsx (3 tests) 333ms
stdout | __tests__/features/notesapp/api/tags.test.ts > Notes Tags API > lists tags ordered by name
[DEBUG] MockResponse.json status: 200

stdout | __tests__/features/notesapp/api/tags.test.ts > Notes Tags API > creates a tag
[DEBUG] MockResponse.json status: 201

stdout | __tests__/features/notesapp/api/tags.test.ts > Notes Tags API > rejects tag creation without a name
[DEBUG] MockResponse.json status: 400

stdout | __tests__/features/notesapp/api/tags.test.ts > Notes Tags API > updates a tag
[DEBUG] MockResponse.json status: 200

stdout | __tests__/features/notesapp/api/tags.test.ts > Notes Tags API > deletes a tag
[DEBUG] MockResponse.json status: 200

 ✓ __tests__/features/notesapp/api/tags.test.ts (5 tests) 357ms
 ✓ __tests__/features/cms/components/SectionPicker.test.tsx (3 tests) 167ms
 ✓ __tests__/features/prompt-exploder/params-editor.test.ts (3 tests) 22ms
stderr | __tests__/features/chatbot/hooks/useChatbotLogic.test.tsx > useChatbotLogic > initializes with default values
An update to TestComponent inside a test was not wrapped in act(...).

When testing, code that causes React state updates should be wrapped into act(...):

act(() => {
  /* fire events that update state */
});
/* assert on the output */

This ensures that you're testing the behavior the user would see in the browser. Learn more at https://react.dev/link/wrap-tests-with-act
An update to TestComponent inside a test was not wrapped in act(...).

When testing, code that causes React state updates should be wrapped into act(...):

act(() => {
  /* fire events that update state */
});
/* assert on the output */

This ensures that you're testing the behavior the user would see in the browser. Learn more at https://react.dev/link/wrap-tests-with-act

 ✓ __tests__/features/chatbot/hooks/useChatbotLogic.test.tsx (1 test) 48ms
 ❯ __tests__/features/chatbot/hooks/useChatbotQueries.test.tsx (4 tests | 2 failed) 2183ms
   × Chatbot Queries Hooks > useChatbotSession > fetches and returns a single session 1027ms
     → expected false to be true // Object.is equality

Ignored nodes: comments, script, style
[36m<html>[39m
  [36m<head />[39m
  [36m<body>[39m
    [36m<div />[39m
  [36m</body>[39m
[36m</html>[39m
   × Chatbot Queries Hooks > useChatbotSettings > fetches and returns settings 1018ms
     → expected false to be true // Object.is equality

Ignored nodes: comments, script, style
[36m<html>[39m
  [36m<head />[39m
  [36m<body>[39m
    [36m<div />[39m
  [36m</body>[39m
[36m</html>[39m
 ✓ __tests__/features/files/services/image-file-repository.test.ts (6 tests) 6ms
 ✓ __tests__/features/agentcreator/components/AgentCreatorSettingsSection.test.tsx (4 tests) 226ms
stdout | __tests__/features/products/api/pagination.test.ts > Products API - Pagination and Count > GET /api/products/count > should return the total count of products
[DEBUG] MockResponse.json status: 200

stdout | __tests__/features/products/api/pagination.test.ts > Products API - Pagination and Count > GET /api/products/count > should return the filtered count of products
[DEBUG] MockResponse.json status: 200

stdout | __tests__/features/products/api/pagination.test.ts > Products API - Pagination and Count > GET /api/products - Server-side Pagination > should return a limited number of products based on pageSize
[DEBUG] MockResponse.json status: 200

stdout | __tests__/features/products/api/pagination.test.ts > Products API - Pagination and Count > GET /api/products - Server-side Pagination > should return the correct page of products
[DEBUG] MockResponse.json status: 200

stdout | __tests__/features/products/api/pagination.test.ts > Products API - Pagination and Count > GET /api/products - Server-side Pagination > should return the correct page of products
[DEBUG] MockResponse.json status: 200

 ✓ __tests__/features/products/api/pagination.test.ts (4 tests) 324ms
 ✓ __tests__/shared/utils/error-logging.test.ts (5 tests) 21ms
 ✓ __tests__/features/prompt-exploder/helpers/drag-reorder.test.ts (12 tests) 17ms
 ✓ src/features/notesapp/utils/__tests__/notes-master-tree-external-drop.test.ts (5 tests) 12ms
 ✓ __tests__/features/cms/pages/ThemesPage.test.tsx (4 tests) 211ms
 ✓ __tests__/features/cms/services/mongo-cms-repository.test.ts (5 tests) 24ms
 ✓ __tests__/features/viewer3d/services/asset3dUploader.test.ts (4 tests) 11ms
stderr | __tests__/features/cms/components/FrontendBlockRenderer.test.tsx
THREE.WARNING: Multiple instances of Three.js being imported.

 ✓ __tests__/features/cms/components/FrontendBlockRenderer.test.tsx (7 tests) 156ms
 ✓ __tests__/features/prompt-exploder/helpers/rgb.test.ts (20 tests) 22ms
 ✓ __tests__/features/products/validations/product.test.ts (5 tests) 15ms
 ✓ __tests__/features/drafter/components/DraftCreator.test.tsx (4 tests) 626ms
 ✓ __tests__/features/integrations/services/imports/base-mapper.test.ts (5 tests) 14ms
 ✓ __tests__/features/prompt-exploder/custom-benchmark-cases.test.ts (4 tests) 14ms
 ✓ __tests__/features/ai/image-studio/utils/master-folder-tree.test.ts (3 tests) 12ms
 ✓ __tests__/features/products/services/aiTranslationService.test.ts (3 tests) 8ms
 ✓ __tests__/features/cms/components/MediaLibraryPanel.test.tsx (3 tests) 56ms
stdout | __tests__/api/products/tags.test.ts > Product Tags API > GET /api/products/tags > should return tags for a given catalogId
[DEBUG] MockResponse.json status: 200

stdout | __tests__/api/products/tags.test.ts > Product Tags API > POST /api/products/tags > should create a new tag
[DEBUG] MockResponse.json status: 201

 ✓ __tests__/api/products/tags.test.ts (2 tests) 10ms
 ✓ __tests__/features/viewer3d/hooks/useAsset3dQueries.test.tsx (5 tests) 260ms
stdout | __tests__/features/observability/api/client-errors.test.ts > Client Errors API > POST /api/client-errors should capture client exception
[DEBUG] MockResponse.json status: 200

stdout | __tests__/features/observability/api/client-errors.test.ts > Client Errors API > should handle invalid payload by falling back to unknown error
[DEBUG] MockResponse.json status: 200

stdout | __tests__/features/observability/api/client-errors.test.ts > Client Errors API > should normalize legacy nested error payload shape
[DEBUG] MockResponse.json status: 200

 ✓ __tests__/features/observability/api/client-errors.test.ts (3 tests) 23ms
 ✓ __tests__/features/integrations/services/exports/base-exporter.test.ts (4 tests) 5ms
 ✓ __tests__/features/notesapp/utils/index.test.ts (9 tests) 17ms
 ✓ __tests__/features/jobs/workers/chatbotJobQueue.test.ts (3 tests) 5ms
 ✓ __tests__/features/prompt-exploder/pattern-pack.test.ts (2 tests) 14ms
 ✓ __tests__/shared/ui/templates/panels/usePanelState.test.ts (7 tests) 29ms
 ✓ __tests__/features/drafter/services/draft-repository-mongo.test.ts (4 tests) 7ms
 ✓ __tests__/features/observability/services/ErrorSystem.test.ts (5 tests) 17ms
stdout | __tests__/features/auth/api/register.test.ts > Auth Register API > registers a new user successfully with MongoDB
[DEBUG] MockResponse.json status: 201

stdout | __tests__/features/auth/api/register.test.ts > Auth Register API > returns 409 if user already exists
[DEBUG] apiHandler mock caught error: { name: 'AppError', code: 'CONFLICT', message: 'User already exists.' }

 ✓ __tests__/features/auth/api/register.test.ts (2 tests) 11ms
 ✓ __tests__/features/drafter/services/draft-repository.test.ts (6 tests) 256ms
stdout | __tests__/features/cms/api/cms-themes.test.ts > CMS Themes API > should create a new theme
[DEBUG] MockResponse.json status: 200

stdout | __tests__/features/cms/api/cms-themes.test.ts > CMS Themes API > should fetch all themes
[DEBUG] MockResponse.json status: 200

 ✓ __tests__/features/cms/api/cms-themes.test.ts (2 tests) 11ms
stdout | __tests__/features/auth/api/verify-credentials.test.ts > Auth Verify Credentials API > verifies credentials successfully and returns challenge
[DEBUG] MockResponse.json status: 200

 ✓ __tests__/features/auth/api/verify-credentials.test.ts (2 tests) 9ms
stdout | __tests__/features/auth/api/verify-credentials.test.ts > Auth Verify Credentials API > returns invalid credentials for wrong password
[DEBUG] MockResponse.json status: 200

 ✓ __tests__/features/agent-runtime/services/browser-tools.test.ts (2 tests) 5ms
 ✓ __tests__/features/agent-runtime/services/finalize.test.ts (1 test) 4ms
 ✓ __tests__/features/observability/services/client-error-logger.test.ts (3 tests) 21ms
 ✓ src/features/ai/image-studio/utils/__tests__/studio-master-tree-external-drop.test.ts (4 tests) 12ms
 ✓ __tests__/features/cms/utils/page-builder-dnd.test.ts (2 tests) 13ms
 ✓ __tests__/features/playwright/utils/personas.test.ts (7 tests) 18ms
stdout | __tests__/features/internationalization/api/currencies.test.ts > Currencies API > GET /api/currencies > should seed default currencies on first call
[DEBUG] MockResponse.json status: 200

stdout | __tests__/features/internationalization/api/currencies.test.ts > Currencies API > POST /api/currencies > should create a new currency
[DEBUG] MockResponse.json status: 200

stdout | __tests__/features/internationalization/api/currencies.test.ts > Currencies API > POST /api/currencies > should reject invalid payload
[DEBUG] apiHandler mock caught error: {
  name: 'PrismaClientValidationError',
  code: undefined,
  message: '\n' +
    'Invalid `prisma.currency.findUnique()` invocation:\n' +
    '\n' +
    '{\n' +
    '  where: {\n' +
    '    code: "XYZ"\n' +
    '          ~~~~~\n' +
    '  }\n' +
    '}\n' +
    '\n' +
    'Invalid value for argument `code`. Expected CurrencyCode.'
}

 ✓ __tests__/features/internationalization/api/currencies.test.ts (3 tests) 236ms
 ✓ src/features/cms/components/page-builder/utils/__tests__/cms-master-tree.test.ts (3 tests) 12ms
stdout | __tests__/features/cms/api/api-slugs.test.ts > CMS Slugs API > GET /api/cms/slugs > should return a list of slugs
[DEBUG] MockResponse.json status: 200

stdout | __tests__/features/cms/api/api-slugs.test.ts > CMS Slugs API > POST /api/cms/slugs > should create a new slug
[DEBUG] MockResponse.json status: 200

stdout | __tests__/features/cms/api/api-slugs.test.ts > CMS Slugs API > POST /api/cms/slugs > should return 400 if slug is missing
[DEBUG] MockResponse.json status: 400

 ✓ __tests__/features/cms/api/api-slugs.test.ts (3 tests) 15ms
 ✓ __tests__/features/cms/components/SectionTemplatePicker.test.tsx (2 tests) 50ms
 ✓ __tests__/features/agent-runtime/execution/loop-guard.test.ts (5 tests) 5ms
 ✓ __tests__/features/cms/components/BlockPicker.test.tsx (3 tests) 49ms
 ✓ __tests__/features/playwright/services/persona-utils.test.ts (8 tests) 14ms
 ✓ __tests__/features/agent-runtime/services/audit.test.ts (5 tests) 4ms
stdout | __tests__/features/cms/api/cms.test.ts > CMS API > should create a new slug
[DEBUG] MockResponse.json status: 200

stdout | __tests__/features/cms/api/cms.test.ts > CMS API > should not create a duplicate slug (idempotent)
[DEBUG] MockResponse.json status: 200

stdout | __tests__/features/cms/api/cms.test.ts > CMS API > should fetch all slugs
[DEBUG] MockResponse.json status: 200

 ✓ __tests__/features/cms/api/cms.test.ts (4 tests) 185ms
 ✓ __tests__/features/playwright/context/PlaywrightSettingsContext.test.tsx (3 tests) 35ms
 ✓ __tests__/features/products/utils/validator-replacement-recipe.test.ts (3 tests) 15ms
 ✓ __tests__/features/products/components/product-filters.test.tsx (3 tests) 479ms
   ✓ ProductFilters Component > calls setSearch when name input changes 429ms
 ✓ __tests__/features/foldertree/hooks/useMasterFolderTreeConfig.test.tsx (1 test) 19ms
 ✓ __tests__/shared/ui/templates/modals/ConfirmModal.test.tsx (5 tests) 212ms
 ✓ __tests__/features/viewer3d/services/validateAsset3d.test.ts (7 tests) 18ms
 ✓ __tests__/features/ai/ai-paths/components/SignalDots.test.tsx (4 tests) 37ms
 ✓ __tests__/features/integrations/hooks/listingCache.test.ts (4 tests) 15ms
 ✓ __tests__/features/cms/services/cms-theme-settings.test.ts (3 tests) 5ms
 ✓ __tests__/shared/lib/transient-recovery-settings.test.ts (3 tests) 4ms
 ✓ __tests__/features/agent-runtime/services/checkpoint.test.ts (4 tests) 5ms
 ✓ __tests__/shared/ui/FilterPanel.test.tsx (7 tests) 194ms
 ✓ __tests__/features/observability/services/activity-repository.test.ts (2 tests) 5ms
 ✓ __tests__/features/products/services/aiDescriptionService.test.ts (3 tests) 6ms
 ✓ __tests__/features/foldertree/hooks/useMasterFolderTreeAppearance.test.tsx (2 tests) 23ms
stdout | __tests__/api/notes/notebooks.test.ts > Notes Notebooks API > GET /api/notes/notebooks > should return all notebooks
[DEBUG] MockResponse.json status: 200

stdout | __tests__/api/notes/notebooks.test.ts > Notes Notebooks API > POST /api/notes/notebooks > should create a new notebook
[DEBUG] MockResponse.json status: 201

stdout | __tests__/api/notes/notebooks.test.ts > Notes Notebooks API > POST /api/notes/notebooks > should return 400 for invalid data
[DEBUG] MockResponse.json status: 400

 ✓ __tests__/api/notes/notebooks.test.ts (3 tests) 18ms
 ✓ __tests__/features/prompt-exploder/benchmark-suggestions.test.ts (2 tests) 12ms
 ✓ __tests__/features/prompt-exploder/settings.test.ts (2 tests) 13ms
 ✓ __tests__/features/observability/lib/system-log-filter-url-state.test.ts (3 tests) 13ms
stdout | __tests__/features/observability/api/logs/metrics.test.ts > System Logs Metrics API > GET /api/system/logs/metrics should return log metrics
[DEBUG] MockResponse.json status: 200

 ✓ __tests__/features/observability/api/logs/metrics.test.ts (1 test) 7ms
stdout | __tests__/api/products/ai-jobs.test.ts > Product AI Jobs API > GET /api/products/ai-jobs > should return jobs for a given productId
[DEBUG] MockResponse.json status: 200

stdout | __tests__/api/products/ai-jobs.test.ts > Product AI Jobs API > POST /api/products/ai-jobs/enqueue > should enqueue a new job
[DEBUG] MockResponse.json status: 200

 ✓ __tests__/api/products/ai-jobs.test.ts (2 tests) 11ms
 ✓ __tests__/shared/utils/tree-operations.test.ts (4 tests) 13ms
 ✓ __tests__/features/agent-runtime/utils/core-utils.test.ts (7 tests) 13ms
 ✓ __tests__/features/ai/ai-paths/runtime/handlers/agent.test.ts (2 tests) 14ms
 ✓ __tests__/features/products/components/product-table-footer.test.tsx (3 tests) 139ms
stdout | __tests__/features/chatbot/api/chatbot-settings.test.ts > Chatbot Settings API > GET: returns settings by key
[DEBUG] MockResponse.json status: 200

stdout | __tests__/features/chatbot/api/chatbot-settings.test.ts > Chatbot Settings API > POST: saves settings using upsert
[DEBUG] MockResponse.json status: 200

stdout | __tests__/features/chatbot/api/chatbot-settings.test.ts > Chatbot Settings API > POST: returns 400 if settings missing
[DEBUG] apiHandler mock caught error: {
  name: 'AppError',
  code: 'BAD_REQUEST',
  message: 'Settings payload is required.'
}

 ✓ __tests__/features/chatbot/api/chatbot-settings.test.ts (3 tests) 15ms
stdout | __tests__/api/products/parameters.test.ts > Product Parameters API > GET /api/products/parameters > should return parameters for a given catalogId
[DEBUG] MockResponse.json status: 200

 ✓ __tests__/api/products/parameters.test.ts (1 test) 8ms
 ✓ __tests__/features/integrations/services/base-token-resolver.test.ts (4 tests) 42ms
 ✓ __tests__/features/foldertree/utils/tree-utils.test.ts (6 tests) 14ms
 ✓ __tests__/features/prompt-exploder/rule-drafts.test.ts (2 tests) 12ms
 ✓ __tests__/features/ai/ai-paths/server/access.test.ts (2 tests) 12ms
 ❯ __tests__/features/data-import-export/utils/image-retry-presets.test.ts (5 tests | 2 failed) 16ms
   × Image Retry Presets Utils > normalizeImageRetryPresets > merges input with defaults 2ms
     → expected undefined to be 'Custom Label' // Object.is equality
   × Image Retry Presets Utils > normalizeImageRetryPresets > overwrites labels for known IDs based on build rules 0ms
     → expected undefined to be 'Lower max dimension (1000px)' // Object.is equality
 ✓ __tests__/features/database/utils/mongo.test.ts (7 tests) 63ms
 ✓ __tests__/features/products/components/settings/category-master-tree.test.ts (2 tests) 13ms
 ✓ __tests__/features/database/utils/postgres.test.ts (7 tests) 67ms
 ✓ __tests__/shared/ui/templates/panels/PanelHeader.test.tsx (6 tests) 153ms
 ✓ __tests__/shared/ui/templates/panels/PanelPagination.test.tsx (6 tests) 194ms
 ✓ __tests__/features/foldertree/master/useConfiguredMasterFolderTree.test.tsx (1 test) 22ms
 ✓ src/shared/utils/__tests__/folder-tree-ui-state-v1.test.ts (3 tests) 11ms
 ✓ __tests__/features/ai/ai-paths/lib/utils-json.test.ts (7 tests) 13ms
 ✓ src/features/case-resolver/__tests__/master-tree.test.ts (1 test) 19ms
 ✓ __tests__/features/auth/utils/auth-security.test.ts (4 tests) 14ms
 ✓ __tests__/shared/ui/templates/modals/DetailModal.test.tsx (4 tests) 165ms
 ✓ __tests__/shared/utils/markdown-utils.test.ts (5 tests) 14ms
 ✓ __tests__/features/agent-runtime/services/memory-context.test.ts (2 tests) 13ms
 ✓ src/features/cms/components/page-builder/utils/__tests__/cms-tree-external-drop.test.ts (3 tests) 14ms
 ✓ __tests__/shared/utils/drag-drop.test.ts (2 tests) 12ms
 ✓ __tests__/features/integrations/utils/connections.test.ts (4 tests) 13ms
 ✓ __tests__/shared/lib/observability/log-redaction.test.ts (5 tests) 12ms
stdout | __tests__/api/products/categories.test.ts > Product Categories API > GET /api/products/categories/tree > should return categories as a tree
[DEBUG] MockResponse.json status: 200

 ✓ __tests__/api/products/categories.test.ts (1 test) 9ms
 ✓ __tests__/features/agent-runtime/services/audit-logging.test.ts (3 tests) 95ms
 ✓ __tests__/features/observability/lib/log-triage-presets.test.ts (2 tests) 10ms
 ✓ __tests__/features/auth/utils/auth-encryption.test.ts (3 tests) 29ms
 ✓ __tests__/features/foldertree/services/folder-importer.test.ts (3 tests) 11ms
 ✓ __tests__/features/app-embeds/lib/constants.test.ts (5 tests) 13ms
 ✓ __tests__/features/cms/services/selection.test.ts (2 tests) 5ms
 ✓ __tests__/features/gsap/utils/presets.test.ts (4 tests) 12ms
stdout | __tests__/api/products/migration.test.ts > Product Migration API > GET /api/products/migrate > should return total products to migrate
[DEBUG] MockResponse.json status: 200

 ✓ __tests__/api/products/migration.test.ts (1 test) 8ms
 ✓ __tests__/features/ai/image-studio/utils/metadata.test.ts (5 tests) 11ms
 ✓ __tests__/features/prompt-exploder/rule-merge.test.ts (5 tests) 13ms
 ✓ src/features/foldertree/master/__tests__/external-drop.test.ts (2 tests) 12ms
 ✓ __tests__/shared/utils/folder-tree-profiles.test.ts (3 tests) 11ms
 ✓ __tests__/features/ai/ai-paths/lib/run-sources.test.ts (3 tests) 13ms
stdout | __tests__/api/products/count.test.ts > Products Count API > GET /api/products/count > should return the total count of products
[DEBUG] MockResponse.json status: 200

 ✓ __tests__/api/products/count.test.ts (1 test) 7ms
 ✓ __tests__/features/internationalization/lib/internationalizationDefaults.test.ts (3 tests) 14ms
 ✓ __tests__/features/ai/ai-paths/runtime/buildPromptOutput.test.ts (3 tests) 17ms
 ✓ src/features/ai/image-studio/utils/__tests__/master-folder-tree.test.ts (3 tests) 12ms
 ✓ __tests__/features/ai/image-studio/utils/studio-settings.test.ts (3 tests) 11ms
 ✓ __tests__/features/files/utils/fileUploader.test.ts (2 tests) 3ms
stdout | __tests__/debug-get-products.test.ts > Debug getProducts > should list products
Total products found: 0

 ✓ __tests__/debug-get-products.test.ts (1 test) 4ms
 ✓ __tests__/shared/utils/color-utils.test.ts (3 tests) 13ms
 ✓ __tests__/features/cms/validations/slug.test.ts (2 tests) 12ms
 ✓ __tests__/features/admin/pages/AdminGlobalValidatorPage.test.ts (3 tests) 12ms
stdout | __tests__/features/database/api/engine-backup-scheduler-actions.test.ts > Database Engine backup scheduler actions > POST /api/databases/engine/backup-scheduler/tick runs scheduler tick and returns status payload
[DEBUG] MockResponse.json status: 200

stdout | __tests__/features/database/api/engine-backup-scheduler-actions.test.ts > Database Engine backup scheduler actions > POST /api/databases/engine/backup-scheduler/run-now queues backup jobs for all providers
[DEBUG] MockResponse.json status: 200

 ✓ __tests__/features/database/api/engine-backup-scheduler-actions.test.ts (4 tests) 25ms
stdout | __tests__/features/database/api/databases.test.ts > Databases API > POST /api/databases/backup > should enqueue a database backup job
[DEBUG] MockResponse.json status: 200

stdout | __tests__/features/database/api/databases.test.ts > Databases API > POST /api/databases/restore > should restore a database from a backup
[DEBUG] MockResponse.json status: 200

stdout | __tests__/features/database/api/databases.test.ts > Databases API > POST /api/databases/restore > should reject restore when backup maintenance is disabled
[DEBUG] apiHandler mock caught error: {
  name: 'AppError',
  code: 'FORBIDDEN',
  message: 'Manual backup restore/upload/delete is disabled by Database Engine controls. Enable it in Workflow Database -> Database Engine -> Manual Operation Controls.'
}

stdout | __tests__/features/database/api/databases.test.ts > Databases API > GET /api/databases/backups > should return a list of backups
[DEBUG] MockResponse.json status: 200

stdout | __tests__/features/database/api/databases.test.ts > Databases API > POST /api/databases/upload > should upload a database backup file
[DEBUG] MockResponse.json status: 200

stdout | __tests__/features/database/api/databases.test.ts > Databases API > POST /api/databases/upload > should reject an invalid file type
[DEBUG] apiHandler mock caught error: {
  name: 'AppError',
  code: 'BAD_REQUEST',
  message: 'Invalid backup file type.'
}

stdout | __tests__/features/database/api/databases.test.ts > Databases API > POST /api/databases/delete > should delete a database backup file
[DEBUG] MockResponse.json status: 200

 ✓ __tests__/features/database/api/databases.test.ts (7 tests) 35ms
stdout | __tests__/api/products/studio.test.ts > Product Studio API > GET /api/products/[id]/studio returns config
[DEBUG] MockResponse.json status: 200

stdout | __tests__/api/products/studio.test.ts > Product Studio API > PUT /api/products/[id]/studio saves project
[DEBUG] MockResponse.json status: 200

stdout | __tests__/api/products/studio.test.ts > Product Studio API > PUT /api/products/[id]/studio ignores legacy sequencing payload
[DEBUG] MockResponse.json status: 200

stdout | __tests__/api/products/studio.test.ts > Product Studio API > POST /api/products/[id]/studio/send forwards request
[DEBUG] MockResponse.json status: 200

stdout | __tests__/api/products/studio.test.ts > Product Studio API > GET /api/products/[id]/studio/variants forwards request
[DEBUG] MockResponse.json status: 200

stdout | __tests__/api/products/studio.test.ts > Product Studio API > POST /api/products/[id]/studio/accept forwards request
[DEBUG] MockResponse.json status: 200

 ✓ __tests__/api/products/studio.test.ts (6 tests) 24ms
stdout | __tests__/features/database/api/engine-operations-jobs.test.ts > Database Engine operations jobs API > GET /api/databases/engine/operations/jobs returns filtered db operation jobs
[DEBUG] MockResponse.json status: 200

stdout | __tests__/features/database/api/engine-operations-jobs.test.ts > Database Engine operations jobs API > POST /api/databases/engine/operations/jobs/[jobId]/cancel cancels db operation jobs
[DEBUG] MockResponse.json status: 200

 ✓ __tests__/features/database/api/engine-operations-jobs.test.ts (3 tests) 20ms
stdout | __tests__/features/products/api/generate-description.test.ts > AI Description Generation API > should return a generated description
[DEBUG] MockResponse.json status: 200

stdout | __tests__/features/products/api/generate-description.test.ts > AI Description Generation API > should fail if product name is missing
[DEBUG] apiHandler mock caught error: {
  name: 'AppError',
  code: 'VALIDATION_ERROR',
  message: 'Product name is required'
}

stdout | __tests__/features/products/api/generate-description.test.ts > AI Description Generation API > should fail if API key is not configured
[DEBUG] apiHandler mock caught error: {
  name: 'AppError',
  code: 'CONFIGURATION_ERROR',
  message: 'OpenAI API key is missing for GPT model.'
}

stdout | __tests__/features/products/api/generate-description.test.ts > AI Description Generation API > should use the custom prompt from settings
[DEBUG] MockResponse.json status: 200

 ✓ __tests__/features/products/api/generate-description.test.ts (4 tests) 12ms
stdout | __tests__/features/ai-paths/api/db-query.test.ts > AI Paths db-query API > returns single Mongo document in "item" shape and retries _id as ObjectId when needed
[DEBUG] MockResponse.json status: 200

stdout | __tests__/features/ai-paths/api/db-query.test.ts > AI Paths db-query API > returns Mongo list count from countDocuments (not limited item length)
[DEBUG] MockResponse.json status: 200

 ✓ __tests__/features/ai-paths/api/db-query.test.ts (2 tests) 9ms
 ❯ __tests__/features/observability/lib/system-logger.test.ts (9 tests | 4 failed) 22ms
   × system-logger > log-redaction integration > should redact sensitive keys in context 3ms
     → expected "spy" to be called with arguments: [ ObjectContaining{…} ]

Received: 



Number of calls: 0

   × system-logger > logSystemEvent > should call createSystemLog with default info level 1ms
     → expected "spy" to be called with arguments: [ ObjectContaining{…} ]

Received: 



Number of calls: 0

   × system-logger > logSystemEvent > should notify critical errors 1ms
     → expected "spy" to be called at least once
   × system-logger > logSystemEvent > should handle circular references in context 1ms
     → Cannot read properties of undefined (reading '0')
stdout | __tests__/features/database/api/engine-backup-scheduler-status.test.ts > GET /api/databases/engine/backup-scheduler/status > starts scheduler queue and returns no-store payload
[DEBUG] MockResponse.json status: 200

 ✓ __tests__/features/database/api/engine-backup-scheduler-status.test.ts (1 test) 17ms
stdout | __tests__/features/database/api/engine-routing.test.ts > Database Engine routing in database operations APIs > routes CRUD auto mode through collection provider map
[DEBUG] MockResponse.json status: 200

stdout | __tests__/features/database/api/engine-routing.test.ts > Database Engine routing in database operations APIs > routes Execute auto mode through collection provider map for Mongo operations
[DEBUG] MockResponse.json status: 200

 ✓ __tests__/features/database/api/engine-routing.test.ts (2 tests) 17ms
 ✓ __tests__/features/integrations/services/category-mapping-repository-mongo.test.ts (1 test) 4ms
stdout | __tests__/shared/lib/observability/system-logger.test.ts > system-logger > should log a system event
[test] Something happened { foo: 'bar' }

stderr | __tests__/shared/lib/observability/system-logger.test.ts > system-logger > should log a system error
[system] An error occurred {
  category: 'SYSTEM',
  error: {
    message: 'Boom',
    stack: 'Error: Boom\n' +
      '    at /Users/michalmatynia/Desktop/NPM/2026/Gemini new Pull/geminitestapp/__tests__/shared/lib/observability/system-logger.test.ts:40:19\n' +
      '    at file:///Users/michalmatynia/Desktop/NPM/2026/Gemini%20new%20Pull/geminitestapp/node_modules/@vitest/runner/dist/index.js:146:14\n' +
      '    at file:///Users/michalmatynia/Desktop/NPM/2026/Gemini%20new%20Pull/geminitestapp/node_modules/@vitest/runner/dist/index.js:533:11\n' +
      '    at runWithTimeout (file:///Users/michalmatynia/Desktop/NPM/2026/Gemini%20new%20Pull/geminitestapp/node_modules/@vitest/runner/dist/index.js:39:7)\n' +
      '    at runTest (file:///Users/michalmatynia/Desktop/NPM/2026/Gemini%20new%20Pull/geminitestapp/node_modules/@vitest/runner/dist/index.js:1056:17)\n' +
      '    at processTicksAndRejections (node:internal/process/task_queues:105:5)\n' +
      '    at runSuite (file:///Users/michalmatynia/Desktop/NPM/2026/Gemini%20new%20Pull/geminitestapp/node_modules/@vitest/runner/dist/index.js:1205:15)\n' +
      '    at runSuite (file:///Users/michalmatynia/Desktop/NPM/2026/Gemini%20new%20Pull/geminitestapp/node_modules/@vitest/runner/dist/index.js:1205:15)\n' +
      '    at runFiles (file:///Users/michalmatynia/Desktop/NPM/2026/Gemini%20new%20Pull/geminitestapp/node_modules/@vitest/runner/dist/index.js:1262:5)\n' +
      '    at startTests (file:///Users/michalmatynia/Desktop/NPM/2026/Gemini%20new%20Pull/geminitestapp/node_modules/@vitest/runner/dist/index.js:1271:3)',
    name: 'Error'
  },
  fingerprint: '81e2b83fb2bb1a19'
}

stderr | __tests__/shared/lib/observability/system-logger.test.ts > system-logger > should notify for critical errors
[system] Critical! { fingerprint: 'b97ecb281f7bf186' }

stdout | __tests__/shared/lib/observability/system-logger.test.ts > system-logger > should extract info from Request
[system] Request log {}

 ❯ __tests__/shared/lib/observability/system-logger.test.ts (4 tests | 4 failed) 40ms
   × system-logger > should log a system event 12ms
     → expected "spy" to be called with arguments: [ ObjectContaining{…} ]

Received: 



Number of calls: 0

   × system-logger > should log a system error 22ms
     → expected "spy" to be called with arguments: [ ObjectContaining{…} ]

Received: 



Number of calls: 0

   × system-logger > should notify for critical errors 2ms
     → expected "spy" to be called with arguments: [ { id: 'log-critical', …(2) }, true ]

Received: 



Number of calls: 0

   × system-logger > should extract info from Request 2ms
     → expected "spy" to be called with arguments: [ ObjectContaining{…} ]

Received: 



Number of calls: 0

stdout | __tests__/features/database/api/engine-provider-preview.test.ts > GET /api/databases/engine/provider-preview > parses collections query and returns no-store payload
[DEBUG] MockResponse.json status: 200

stdout | __tests__/features/database/api/engine-provider-preview.test.ts > GET /api/databases/engine/provider-preview > passes undefined collections when query param is missing
[DEBUG] MockResponse.json status: 200

 ✓ __tests__/features/database/api/engine-provider-preview.test.ts (2 tests) 18ms

⎯⎯⎯⎯⎯⎯ Failed Tests 14 ⎯⎯⎯⎯⎯⎯⎯

 FAIL  __tests__/shared/lib/query-invalidation.test.ts > query-invalidation helpers > CMS > invalidateCmsPages should invalidate cms pages all key
AssertionError: expected "invalidateQueries" to be called with arguments: [ { queryKey: [ 'cms', 'pages' ] } ]

Received: 

  1st invalidateQueries call:

  Array [
    Object {
      "queryKey": Array [
        "cms",
        "pages",
+       "list",
      ],
    },
  ]


Number of calls: 1

 ❯ __tests__/shared/lib/query-invalidation.test.ts:105:45
    103|     it('invalidateCmsPages should invalidate cms pages all key', () =>…
    104|       void helpers.invalidateCmsPages(queryClient);
    105|       expect(queryClient.invalidateQueries).toHaveBeenCalledWith({
       |                                             ^
    106|         queryKey: QUERY_KEYS.cms.pages.all,
    107|       });

⎯⎯⎯⎯⎯⎯⎯⎯⎯⎯⎯⎯⎯⎯⎯⎯⎯⎯⎯⎯⎯⎯⎯[1/14]⎯

 FAIL  __tests__/shared/lib/observability/system-logger.test.ts > system-logger > should log a system event
AssertionError: expected "spy" to be called with arguments: [ ObjectContaining{…} ]

Received: 



Number of calls: 0

 ❯ __tests__/shared/lib/observability/system-logger.test.ts:31:29
     29|     });
     30| 
     31|     expect(createSystemLog).toHaveBeenCalledWith(expect.objectContaini…
       |                             ^
     32|       level: 'info',
     33|       message: 'Something happened',

⎯⎯⎯⎯⎯⎯⎯⎯⎯⎯⎯⎯⎯⎯⎯⎯⎯⎯⎯⎯⎯⎯⎯[2/14]⎯

 FAIL  __tests__/shared/lib/observability/system-logger.test.ts > system-logger > should log a system error
AssertionError: expected "spy" to be called with arguments: [ ObjectContaining{…} ]

Received: 



Number of calls: 0

 ❯ __tests__/shared/lib/observability/system-logger.test.ts:46:29
     44|     });
     45| 
     46|     expect(createSystemLog).toHaveBeenCalledWith(expect.objectContaini…
       |                             ^
     47|       level: 'error',
     48|       message: 'An error occurred',

⎯⎯⎯⎯⎯⎯⎯⎯⎯⎯⎯⎯⎯⎯⎯⎯⎯⎯⎯⎯⎯⎯⎯[3/14]⎯

 FAIL  __tests__/shared/lib/observability/system-logger.test.ts > system-logger > should notify for critical errors
AssertionError: expected "spy" to be called with arguments: [ { id: 'log-critical', …(2) }, true ]

Received: 



Number of calls: 0

 ❯ __tests__/shared/lib/observability/system-logger.test.ts:69:33
     67|     });
     68| 
     69|     expect(notifyCriticalError).toHaveBeenCalledWith(logResult, true);
       |                                 ^
     70|   });
     71| 

⎯⎯⎯⎯⎯⎯⎯⎯⎯⎯⎯⎯⎯⎯⎯⎯⎯⎯⎯⎯⎯⎯⎯[4/14]⎯

 FAIL  __tests__/shared/lib/observability/system-logger.test.ts > system-logger > should extract info from Request
AssertionError: expected "spy" to be called with arguments: [ ObjectContaining{…} ]

Received: 



Number of calls: 0

 ❯ __tests__/shared/lib/observability/system-logger.test.ts:83:29
     81|     });
     82| 
     83|     expect(createSystemLog).toHaveBeenCalledWith(expect.objectContaini…
       |                             ^
     84|       path: '/api/test',
     85|       method: 'POST',

⎯⎯⎯⎯⎯⎯⎯⎯⎯⎯⎯⎯⎯⎯⎯⎯⎯⎯⎯⎯⎯⎯⎯[5/14]⎯

 FAIL  __tests__/features/chatbot/hooks/useChatbotQueries.test.tsx > Chatbot Queries Hooks > useChatbotSession > fetches and returns a single session
AssertionError: expected false to be true // Object.is equality

Ignored nodes: comments, script, style
[36m<html>[39m
  [36m<head />[39m
  [36m<body>[39m
    [36m<div />[39m
  [36m</body>[39m
[36m</html>[39m

- Expected
+ Received

- true
+ false

 ❯ __tests__/features/chatbot/hooks/useChatbotQueries.test.tsx:59:60
     57|       const { result } = renderHook(() => useChatbotSession('s1'), { w…
     58| 
     59|       await waitFor(() => expect(result.current.isSuccess).toBe(true));
       |                                                            ^
     60|       expect(result.current.data).toEqual(mockSession);
     61|     });
 ❯ runWithExpensiveErrorDiagnosticsDisabled node_modules/@testing-library/dom/dist/config.js:47:12
 ❯ checkCallback node_modules/@testing-library/dom/dist/wait-for.js:124:77
 ❯ Timeout.checkRealTimersCallback node_modules/@testing-library/dom/dist/wait-for.js:118:16

⎯⎯⎯⎯⎯⎯⎯⎯⎯⎯⎯⎯⎯⎯⎯⎯⎯⎯⎯⎯⎯⎯⎯[6/14]⎯

 FAIL  __tests__/features/chatbot/hooks/useChatbotQueries.test.tsx > Chatbot Queries Hooks > useChatbotSettings > fetches and returns settings
AssertionError: expected false to be true // Object.is equality

Ignored nodes: comments, script, style
[36m<html>[39m
  [36m<head />[39m
  [36m<body>[39m
    [36m<div />[39m
  [36m</body>[39m
[36m</html>[39m

- Expected
+ Received

- true
+ false

 ❯ __tests__/features/chatbot/hooks/useChatbotQueries.test.tsx:71:60
     69|       const { result } = renderHook(() => useChatbotSettings('general'…
     70| 
     71|       await waitFor(() => expect(result.current.isSuccess).toBe(true));
       |                                                            ^
     72|       expect(result.current.data).toEqual(mockSettings);
     73|     });
 ❯ runWithExpensiveErrorDiagnosticsDisabled node_modules/@testing-library/dom/dist/config.js:47:12
 ❯ checkCallback node_modules/@testing-library/dom/dist/wait-for.js:124:77
 ❯ Timeout.checkRealTimersCallback node_modules/@testing-library/dom/dist/wait-for.js:118:16

⎯⎯⎯⎯⎯⎯⎯⎯⎯⎯⎯⎯⎯⎯⎯⎯⎯⎯⎯⎯⎯⎯⎯[7/14]⎯

 FAIL  __tests__/features/data-import-export/utils/image-retry-presets.test.ts > Image Retry Presets Utils > normalizeImageRetryPresets > merges input with defaults
AssertionError: expected undefined to be 'Custom Label' // Object.is equality

- Expected: 
"Custom Label"

+ Received: 
undefined

 ❯ __tests__/features/data-import-export/utils/image-retry-presets.test.ts:33:36
     31|       const normalized = normalizeImageRetryPresets(input);
     32|       expect(normalized.length).toBe(1);
     33|       expect(normalized[0]!.label).toBe('Custom Label');
       |                                    ^
     34|       expect(normalized[0]!.transform.maxDimension).toBe(800);
     35|     });

⎯⎯⎯⎯⎯⎯⎯⎯⎯⎯⎯⎯⎯⎯⎯⎯⎯⎯⎯⎯⎯⎯⎯[8/14]⎯

 FAIL  __tests__/features/data-import-export/utils/image-retry-presets.test.ts > Image Retry Presets Utils > normalizeImageRetryPresets > overwrites labels for known IDs based on build rules
AssertionError: expected undefined to be 'Lower max dimension (1000px)' // Object.is equality

- Expected: 
"Lower max dimension (1000px)"

+ Received: 
undefined

 ❯ __tests__/features/data-import-export/utils/image-retry-presets.test.ts:45:36
     43|       
     44|       const normalized = normalizeImageRetryPresets(input);
     45|       expect(normalized[0]!.label).toBe('Lower max dimension (1000px)'…
       |                                    ^
     46|     });
     47|   });

⎯⎯⎯⎯⎯⎯⎯⎯⎯⎯⎯⎯⎯⎯⎯⎯⎯⎯⎯⎯⎯⎯⎯[9/14]⎯

 FAIL  __tests__/features/notesapp/pages/notes-page.test.tsx > Notes page UI > filters notes by search and tag
TestingLibraryElementError: Unable to find role="heading" and name "Alpha"

Ignored nodes: comments, script, style
[36m<body>[39m
  [36m<div>[39m
    [36m<div[39m
      [33mclass[39m=[32m"w-full"[39m
    [36m>[39m
      [36m<div[39m
        [33mclass[39m=[32m"grid h-[calc(100vh-120px)] w-full grid-cols-1 gap-6 lg:grid-cols-[420px_minmax(0,1fr)]"[39m
      [36m>[39m
        [36m<div[39m
          [33mclass[39m=[32m"overflow-hidden rounded-lg border border-border/60 bg-card/40 p-0 hidden lg:block"[39m
        [36m>[39m
          [36m<div[39m
            [33mclass[39m=[32m"relative flex h-full flex-col bg-gray-900 border-r border-border"[39m
          [36m>[39m
            [36m<div[39m
              [33mclass[39m=[32m"flex flex-col gap-4 lg:flex-row lg:items-center lg:justify-between"[39m
            [36m>[39m
              [36m<div[39m
                [33mclass[39m=[32m"space-y-2 flex-1 min-w-0"[39m
              [36m>[39m
                [0m [0m
                [36m<div[39m
                  [33mclass[39m=[32m"flex items-center gap-3"[39m
                [36m>[39m
                  [36m<h1[39m
                    [33mclass[39m=[32m"text-[11px] font-bold uppercase tracking-wider text-gray-400"[39m
                  [36m>[39m
                    [0mFolders[0m
                  [36m</h1>[39m
                [36m</div>[39m
              [36m</div>[39m
              [36m<div[39m
                [33mclass[39m=[32m"flex flex-wrap items-center gap-2 shrink-0"[39m
              [36m>[39m
                [0m [0m
                [36m<button[39m
                  [33mclass[39m=[32m"inline-flex items-center justify-center whitespace-nowrap text-sm font-medium transition-colors focus-visible:outline-none focus-visible:ring-2 focus-visible:ring-ring/40 focus-visible:ring-offset-2 disabled:pointer-events-none disabled:cursor-not-allowed disabled:opacity-50 ring-offset-background cursor-pointer border-foreground/15 bg-transparent rounded-lg h-7 w-7 p-0 border text-gray-300 hover:bg-muted/50"[39m
                  [33mtitle[39m=[32m"Add folder"[39m
                [36m>[39m
                  [36m<svg[39m
                    [33maria-hidden[39m=[32m"true"[39m
                    [33mclass[39m=[32m"lucide lucide-folder-plus size-4"[39m
                    [33mfill[39m=[32m"none"[39m
                    [33mheight[39m=[32m"24"[39m
                    [33mstroke[39m=[32m"currentColor"[39m
                    [33mstroke-linecap[39m=[32m"round"[39m
                    [33mstroke-linejoin[39m=[32m"round"[39m
                    [33mstroke-width[39m=[32m"2"[39m
                    [33mviewBox[39m=[32m"0 0 24 24"[39m
                    [33mwidth[39m=[32m"24"[39m
                    [33mxmlns[39m=[32m"http://www.w3.org/2000/svg"[39m
                  [36m>[39m
                    [36m<path[39m
                      [33md[39m=[32m"M12 10v6"[39m
                    [36m/>[39m
                    [36m<path[39m
                      [33md[39m=[32m"M9 13h6"[39m
                    [36m/>[39m
                    [36m<path[39m
                      [33md[39m=[32m"M20 20a2 2 0 0 0 2-2V8a2 2 0 0 0-2-2h-7.9a2 2 0 0 1-1.69-.9L9.6 3.9A2 2 0 0 0 7.93 3H4a2 2 0 0 0-2 2v13a2 2 0 0 0 2 2Z"[39m
                    [36m/>[39m
                  [36m</svg>[39m
                [36m</button>[39m
                [36m<button[39m
                  [33mclass[39m=[32m"inline-flex items-center justify-center whitespace-nowrap text-sm font-medium transition-colors focus-visible:outline-none focus-visible:ring-2 focus-visible:ring-ring/40 focus-visible:ring-offset-2 disabled:pointer-events-none disabled:cursor-not-allowed disabled:opacity-50 ring-offset-background cursor-pointer border-foreground/15 bg-transparent rounded-lg h-7 w-7 p-0 border text-gray-300 hover:bg-muted/50"[39m
                  [33mtitle[39m=[32m"Add note"[39m
                [36m>[39m
                  [36m<svg[39m
                    [33maria-hidden[39m=[32m"true"[39m
                    [33mclass[39m=[32m"lucide lucide-file-plus size-4"[39m
                    [33mfill[39m=[32m"none"[39m
                    [33mheight[39m=[32m"24"[39m
                    [33mstroke[39m=[32m"currentColor"[39m
                    [33mstroke-linecap[39m=[32m"round"[39m
                    [33mstroke-linejoin[39m=[32m"round"[39m
                    [33mstroke-width[39m=[32m"2"[39m
                    [33mviewBox[39m=[32m"0 0 24 24"[39m
                    [33mwidth[39m=[32m"24"[39m
                    [33mxmlns[39m=[32m"http://www.w3.org/2000/svg"[39m
                  [36m>[39m
                    [36m<path[39m
                      [33md[39m=[32m"M6 22a2 2 0 0 1-2-2V4a2 2 0 0 1 2-2h8a2.4 2.4 0 0 1 1.704.706l3.588 3.588A2.4 2.4 0 0 1 20 8v12a2 2 0 0 1-2 2z"[39m
                    [36m/>[39m
                    [36m<path[39m
                      [33md[39m=[32m"M14 2v5a1 1 0 0 0 1 1h5"[39m
                    [36m/>[39m
                    [36m<path[39m
                      [33md[39m=[32m"M9 15h6"[39m
                    [36m/>[39m
                    [36m<path[39m
                      [33md[39m=[32m"M12 18v-6"[39m
                    [36m/>[39m
                  [36m</svg>[39m
                [36m</button>[39m
                [36m<button[39m
                  [33mclass[39m=[32m"inline-flex items-center justify-center whitespace-nowrap text-sm font-medium transition-colors focus-visible:outline-none focus-visible:ring-2 focus-visible:ring-ring/40 focus-visible:ring-offset-2 disabled:pointer-events-none disabled:cursor-not-allowed disabled:opacity-50 ring-offset-background cursor-pointer border-foreground/15 bg-transparent rounded-lg h-7 px-2 border text-gray-300 hover:bg-muted/50"[39m
                  [33mdisabled[39m=[32m""[39m
                [36m>[39m
                  [0mUndo[0m
                [36m</button>[39m
                [36m<button[39m
                  [33mclass[39m=[32m"inline-flex items-center justify-center whitespace-nowrap text-sm font-medium transition-colors focus-visible:outline-none focus-visible:ring-2 focus-visible:ring-ring/40 focus-visible:ring-offset-2 disabled:pointer-events-none disabled:cursor-not-allowed disabled:opacity-50 ring-offset-background cursor-pointer border-foreground/15 bg-transparent rounded-lg h-7 w-7 p-0 border text-gray-300 hover:bg-muted/50"[39m
                  [33mtitle[39m=[32m"Collapse folder tree"[39m
                [36m>[39m
                  [36m<svg[39m
                    [33maria-hidden[39m=[32m"true"[39m
                    [33mclass[39m=[32m"lucide lucide-chevron-right size-4"[39m
                    [33mfill[39m=[32m"none"[39m
                    [33mheight[39m=[32m"24"[39m
                    [33mstroke[39m=[32m"currentColor"[39m
                    [33mstroke-linecap[39m=[32m"round"[39m
           ...

Ignored nodes: comments, script, style
[36m<html>[39m
  [36m<head />[39m
  [36m<body>[39m
    [36m<div>[39m
      [36m<div[39m
        [33mclass[39m=[32m"w-full"[39m
      [36m>[39m
        [36m<div[39m
          [33mclass[39m=[32m"grid h-[calc(100vh-120px)] w-full grid-cols-1 gap-6 lg:grid-cols-[420px_minmax(0,1fr)]"[39m
        [36m>[39m
          [36m<div[39m
            [33mclass[39m=[32m"overflow-hidden rounded-lg border border-border/60 bg-card/40 p-0 hidden lg:block"[39m
          [36m>[39m
            [36m<div[39m
              [33mclass[39m=[32m"relative flex h-full flex-col bg-gray-900 border-r border-border"[39m
            [36m>[39m
              [36m<div[39m
                [33mclass[39m=[32m"flex flex-col gap-4 lg:flex-row lg:items-center lg:justify-between"[39m
              [36m>[39m
                [36m<div[39m
                  [33mclass[39m=[32m"space-y-2 flex-1 min-w-0"[39m
                [36m>[39m
                  [0m [0m
                  [36m<div[39m
                    [33mclass[39m=[32m"flex items-center gap-3"[39m
                  [36m>[39m
                    [36m<h1[39m
                      [33mclass[39m=[32m"text-[11px] font-bold uppercase tracking-wider text-gray-400"[39m
                    [36m>[39m
                      [0mFolders[0m
                    [36m</h1>[39m
                  [36m</div>[39m
                [36m</div>[39m
                [36m<div[39m
                  [33mclass[39m=[32m"flex flex-wrap items-center gap-2 shrink-0"[39m
                [36m>[39m
                  [0m [0m
                  [36m<button[39m
                    [33mclass[39m=[32m"inline-flex items-center justify-center whitespace-nowrap text-sm font-medium transition-colors focus-visible:outline-none focus-visible:ring-2 focus-visible:ring-ring/40 focus-visible:ring-offset-2 disabled:pointer-events-none disabled:cursor-not-allowed disabled:opacity-50 ring-offset-background cursor-pointer border-foreground/15 bg-transparent rounded-lg h-7 w-7 p-0 border text-gray-300 hover:bg-muted/50"[39m
                    [33mtitle[39m=[32m"Add folder"[39m
                  [36m>[39m
                    [36m<svg[39m
                      [33maria-hidden[39m=[32m"true"[39m
                      [33mclass[39m=[32m"lucide lucide-folder-plus size-4"[39m
                      [33mfill[39m=[32m"none"[39m
                      [33mheight[39m=[32m"24"[39m
                      [33mstroke[39m=[32m"currentColor"[39m
                      [33mstroke-linecap[39m=[32m"round"[39m
                      [33mstroke-linejoin[39m=[32m"round"[39m
                      [33mstroke-width[39m=[32m"2"[39m
                      [33mviewBox[39m=[32m"0 0 24 24"[39m
                      [33mwidth[39m=[32m"24"[39m
                      [33mxmlns[39m=[32m"http://www.w3.org/2000/svg"[39m
                    [36m>[39m
                      [36m<path[39m
                        [33md[39m=[32m"M12 10v6"[39m
                      [36m/>[39m
                      [36m<path[39m
                        [33md[39m=[32m"M9 13h6"[39m
                      [36m/>[39m
                      [36m<path[39m
                        [33md[39m=[32m"M20 20a2 2 0 0 0 2-2V8a2 2 0 0 0-2-2h-7.9a2 2 0 0 1-1.69-.9L9.6 3.9A2 2 0 0 0 7.93 3H4a2 2 0 0 0-2 2v13a2 2 0 0 0 2 2Z"[39m
                      [36m/>[39m
                    [36m</svg>[39m
                  [36m</button>[39m
                  [36m<button[39m
                    [33mclass[39m=[32m"inline-flex items-center justify-center whitespace-nowrap text-sm font-medium transition-colors focus-visible:outline-none focus-visible:ring-2 focus-visible:ring-ring/40 focus-visible:ring-offset-2 disabled:pointer-events-none disabled:cursor-not-allowed disabled:opacity-50 ring-offset-background cursor-pointer border-foreground/15 bg-transparent rounded-lg h-7 w-7 p-0 border text-gray-300 hover:bg-muted/50"[39m
                    [33mtitle[39m=[32m"Add note"[39m
                  [36m>[39m
                    [36m<svg[39m
                      [33maria-hidden[39m=[32m"true"[39m
                      [33mclass[39m=[32m"lucide lucide-file-plus size-4"[39m
                      [33mfill[39m=[32m"none"[39m
                      [33mheight[39m=[32m"24"[39m
                      [33mstroke[39m=[32m"currentColor"[39m
                      [33mstroke-linecap[39m=[32m"round"[39m
                      [33mstroke-linejoin[39m=[32m"round"[39m
                      [33mstroke-width[39m=[32m"2"[39m
                      [33mviewBox[39m=[32m"0 0 24 24"[39m
                      [33mwidth[39m=[32m"24"[39m
                      [33mxmlns[39m=[32m"http://www.w3.org/2000/svg"[39m
                    [36m>[39m
                      [36m<path[39m
                        [33md[39m=[32m"M6 22a2 2 0 0 1-2-2V4a2 2 0 0 1 2-2h8a2.4 2.4 0 0 1 1.704.706l3.588 3.588A2.4 2.4 0 0 1 20 8v12a2 2 0 0 1-2 2z"[39m
                      [36m/>[39m
                      [36m<path[39m
                        [33md[39m=[32m"M14 2v5a1 1 0 0 0 1 1h5"[39m
                      [36m/>[39m
                      [36m<path[39m
                        [33md[39m=[32m"M9 15h6"[39m
                      [36m/>[39m
                      [36m<path[39m
                        [33md[39m=[32m"M12 18v-6"[39m
                      [36m/>[39m
                    [36m</svg>[39m
                  [36m</button>[39m
                  [36m<button[39m
                    [33mclass[39m=[32m"inline-flex items-center justify-center whitespace-nowrap text-sm font-medium transition-colors focus-visible:outline-none focus-visible:ring-2 focus-visible:ring-ring/40 focus-visible:ring-offset-2 disabled:pointer-events-none disabled:cursor-not-allowed disabled:opacity-50 ring-offset-background cursor-pointer border-foreground/15 bg-transparent rounded-lg h-7 px-2 border text-gray-300 hover:bg-muted/50"[39m
                    [33mdisabled[39m=[32m""[39m
                  [36m>[39m
                    [0mUndo[0m
                  [36m</button>[39m
                  [36m<button[39m
                    [33mclass[39m=[32m"inline-flex items-center justify-center whitespace-nowrap text-sm font-medium transition-colors focus-visible:outline-none focus-visible:ring-2 focus-visible:ring-ring/40 focus-visible:ring-offset-2 disabled:pointer-events-none disabled:cursor-not-allowed disabled:opacity-50 ring-offset-background cursor-pointer border-foreground/15 bg-transparent rounded-lg h-7 w-7 p-0 border text-gray-300 hover:bg-muted/50"[39m
                    [33mtitle[39m=[32m"Collapse folder tree"[39m
                  [36m>[39m
                    [36m<svg[39m
                      [33maria-hidden[39m=[32m"true"[39m
                      [33mclass[39m=[32m"lucide lucide-chevron-right s...
 ❯ Proxy.waitForWrapper node_modules/@testing-library/dom/dist/wait-for.js:163:27
 ❯ __tests__/features/notesapp/pages/notes-page.test.tsx:229:11
    227|     );
    228| 
    229|     await waitFor(() => {
       |           ^
    230|       expect(screen.getByRole('heading', { name: 'Alpha' })).toBeInThe…
    231|       expect(screen.queryByRole('heading', { name: 'Beta' })).not.toBe…

⎯⎯⎯⎯⎯⎯⎯⎯⎯⎯⎯⎯⎯⎯⎯⎯⎯⎯⎯⎯⎯⎯[10/14]⎯

 FAIL  __tests__/features/observability/lib/system-logger.test.ts > system-logger > log-redaction integration > should redact sensitive keys in context
AssertionError: expected "spy" to be called with arguments: [ ObjectContaining{…} ]

Received: 



Number of calls: 0

 ❯ __tests__/features/observability/lib/system-logger.test.ts:55:31
     53|       });
     54| 
     55|       expect(createSystemLog).toHaveBeenCalledWith(expect.objectContai…
       |                               ^
     56|         context: expect.objectContaining({
     57|           password: REDACTED_VALUE,

⎯⎯⎯⎯⎯⎯⎯⎯⎯⎯⎯⎯⎯⎯⎯⎯⎯⎯⎯⎯⎯⎯[11/14]⎯

 FAIL  __tests__/features/observability/lib/system-logger.test.ts > system-logger > logSystemEvent > should call createSystemLog with default info level
AssertionError: expected "spy" to be called with arguments: [ ObjectContaining{…} ]

Received: 



Number of calls: 0

 ❯ __tests__/features/observability/lib/system-logger.test.ts:89:31
     87|     it('should call createSystemLog with default info level', async ()…
     88|       await logSystemEvent({ message: 'Hello' });
     89|       expect(createSystemLog).toHaveBeenCalledWith(expect.objectContai…
       |                               ^
     90|         level: 'info',
     91|         message: 'Hello',

⎯⎯⎯⎯⎯⎯⎯⎯⎯⎯⎯⎯⎯⎯⎯⎯⎯⎯⎯⎯⎯⎯[12/14]⎯

 FAIL  __tests__/features/observability/lib/system-logger.test.ts > system-logger > logSystemEvent > should notify critical errors
AssertionError: expected "spy" to be called at least once
 ❯ __tests__/features/observability/lib/system-logger.test.ts:97:35
     95|     it('should notify critical errors', async () => {
     96|       await logSystemEvent({ message: 'Critical fail', critical: true …
     97|       expect(notifyCriticalError).toHaveBeenCalled();
       |                                   ^
     98|     });
     99| 

⎯⎯⎯⎯⎯⎯⎯⎯⎯⎯⎯⎯⎯⎯⎯⎯⎯⎯⎯⎯⎯⎯[13/14]⎯

 FAIL  __tests__/features/observability/lib/system-logger.test.ts > system-logger > logSystemEvent > should handle circular references in context
TypeError: Cannot read properties of undefined (reading '0')
 ❯ __tests__/features/observability/lib/system-logger.test.ts:107:36
    105|       
    106|       const calls = (createSystemLog as any).mock.calls;
    107|       const actualContext = calls[0][0].context;
       |                                    ^
    108|       expect(actualContext.self.self).toBe('[Circular]');
    109|     });

⎯⎯⎯⎯⎯⎯⎯⎯⎯⎯⎯⎯⎯⎯⎯⎯⎯⎯⎯⎯⎯⎯[14/14]⎯

 Test Files  6 failed | 276 passed (282)
      Tests  14 failed | 1456 passed (1470)
   Start at  20:33:28
   Duration  238.33s (transform 7.46s, setup 30.82s, collect 49.74s, tests 30.36s, environment 83.36s, prepare 10.91s)

 FAIL  Tests failed. Watching for file changes...
       press h to show help, press q to quit
