src/features/ai/ai-paths/components/ai-paths-settings/runtime/useAiPathsLocalExecution.ts(264,34): error TS2345: Argument of type '{ nodeId: string; status: string; source: "local"; runId: string; runStartedAt: string; nodeType: AiNodeTypeDto; nodeTitle: string; iteration: number; kind: "node_started"; message: string; }' is not assignable to parameter of type 'Omit<AiPathRuntimeEvent, "id" | "timestamp"> & { status: AiPathRuntimeNodeStatus; }'.
  Property 'level' is missing in type '{ nodeId: string; status: string; source: "local"; runId: string; runStartedAt: string; nodeType: AiNodeTypeDto; nodeTitle: string; iteration: number; kind: "node_started"; message: string; }' but required in type 'Omit<AiPathRuntimeEvent, "id" | "timestamp">'.
src/features/ai/ai-paths/components/ai-paths-settings/runtime/useAiPathsLocalExecution.ts(495,28): error TS2345: Argument of type '{ nodeId: string; status: string; source: "local"; runId: string | null; nodeType: AiNodeTypeDto; nodeTitle: string; kind: "node_status"; message: string; }' is not assignable to parameter of type 'Omit<AiPathRuntimeEvent, "id" | "timestamp"> & { status: AiPathRuntimeNodeStatus; }'.
  Property 'level' is missing in type '{ nodeId: string; status: string; source: "local"; runId: string | null; nodeType: AiNodeTypeDto; nodeTitle: string; kind: "node_status"; message: string; }' but required in type 'Omit<AiPathRuntimeEvent, "id" | "timestamp">'.
src/features/ai/ai-paths/components/ai-paths-settings/runtime/useAiPathsLocalExecution.ts(530,24): error TS2345: Argument of type '{ nodeId: string; status: string; source: "local"; runId: string; runStartedAt: string; nodeType: AiNodeTypeDto; nodeTitle: string; kind: "node_started"; message: string; }' is not assignable to parameter of type 'Omit<AiPathRuntimeEvent, "id" | "timestamp"> & { status: AiPathRuntimeNodeStatus; }'.
  Property 'level' is missing in type '{ nodeId: string; status: string; source: "local"; runId: string; runStartedAt: string; nodeType: AiNodeTypeDto; nodeTitle: string; kind: "node_started"; message: string; }' but required in type 'Omit<AiPathRuntimeEvent, "id" | "timestamp">'.
src/features/ai/ai-paths/components/ai-paths-settings/runtime/useAiPathsServerExecution.ts(42,11): error TS2430: Interface 'AiPathRunEventRecordExtended' incorrectly extends interface 'AiPathRunEventRecord'.
  Types of property 'runId' are incompatible.
    Type 'string | null' is not assignable to type 'string'.
      Type 'null' is not assignable to type 'string'.
src/features/ai/ai-paths/components/ai-paths-settings/runtime/useAiPathsServerExecution.ts(132,17): error TS2322: Type 'string | null' is not assignable to type 'string | undefined'.
  Type 'null' is not assignable to type 'string | undefined'.
src/features/ai/ai-paths/components/ai-paths-settings/useAiPathsRuntime.ts(99,44): error TS2345: Argument of type '{ normalizedNodes: AiNode[]; sanitizedEdges: Edge[]; runtimeStateRef: React.RefObject<RuntimeState>; currentRunIdRef: React.RefObject<string | null>; ... 36 more ...; reportAiPathsError: (error: unknown, context: Record<string, unknown>, fallbackMessage?: string) => void; }' is not assignable to parameter of type 'ServerExecutionArgs'.
  Type '{ normalizedNodes: AiNode[]; sanitizedEdges: Edge[]; runtimeStateRef: React.RefObject<RuntimeState>; currentRunIdRef: React.RefObject<string | null>; ... 36 more ...; reportAiPathsError: (error: unknown, context: Record<string, unknown>, fallbackMessage?: string) => void; }' is not assignable to type '{ normalizedNodes: AiNode[]; sanitizedEdges: Edge[]; runtimeStateRef: MutableRefObject<RuntimeState>; currentRunIdRef: MutableRefObject<string | null>; ... 9 more ...; setRuntimeEvents: Dispatch<...>; }'.
    Types of property 'setNodeStatus' are incompatible.
      Type '(input: { nodeId: string; status: unknown; source: "local" | "server"; runId?: string | null | undefined; runStartedAt?: string | null | undefined; iteration?: number | undefined; nodeType?: string | null | undefined; nodeTitle?: string | null | undefined; kind?: AiPathRuntimeEventKind | undefined; level?: "info" | ...' is not assignable to type '(input: Omit<AiPathRuntimeEvent, "id" | "timestamp"> & { status: AiPathRuntimeNodeStatus; }) => void'.
        Types of parameters 'input' and 'input' are incompatible.
          Type 'Omit<AiPathRuntimeEvent, "id" | "timestamp"> & { status: AiPathRuntimeNodeStatus; }' is not assignable to type '{ nodeId: string; status: unknown; source: "local" | "server"; runId?: string | null | undefined; runStartedAt?: string | null | undefined; iteration?: number | undefined; nodeType?: string | null | undefined; ... 4 more ...; metadata?: Record<...> | ... 1 more ... | undefined; }'.
            Types of property 'nodeId' are incompatible.
              Type 'string | undefined' is not assignable to type 'string'.
                Type 'undefined' is not assignable to type 'string'.
src/features/ai/ai-paths/components/ai-paths-settings/useAiPathsRuntime.ts(110,42): error TS2345: Argument of type '{ normalizedNodes: AiNode[]; sanitizedEdges: Edge[]; runtimeStateRef: RefObject<RuntimeState>; runInFlightRef: RefObject<boolean>; ... 53 more ...; reportAiPathsError: (error: unknown, context: Record<...>, fallbackMessage?: string | undefined) => void; }' is not assignable to parameter of type 'LocalExecutionArgs'.
  Type '{ normalizedNodes: AiNode[]; sanitizedEdges: Edge[]; runtimeStateRef: RefObject<RuntimeState>; runInFlightRef: RefObject<boolean>; ... 53 more ...; reportAiPathsError: (error: unknown, context: Record<...>, fallbackMessage?: string | undefined) => void; }' is not assignable to type '{ normalizedNodes: AiNode[]; sanitizedEdges: Edge[]; runInFlightRef: MutableRefObject<boolean>; abortControllerRef: MutableRefObject<AbortController | null>; ... 23 more ...; seedImmediateDownstreamInputs: (inputs: Record<...>, allOutputs: Record<...>, fromNodeId: string) => Record<...>; }'.
    Types of property 'setNodeStatus' are incompatible.
      Type '(input: { nodeId: string; status: unknown; source: "local" | "server"; runId?: string | null | undefined; runStartedAt?: string | null | undefined; iteration?: number | undefined; nodeType?: string | null | undefined; nodeTitle?: string | null | undefined; kind?: AiPathRuntimeEventKind | undefined; level?: "info" | ...' is not assignable to type '(input: Omit<AiPathRuntimeEvent, "id" | "timestamp"> & { status: AiPathRuntimeNodeStatus; }) => void'.
        Types of parameters 'input' and 'input' are incompatible.
          Type 'Omit<AiPathRuntimeEvent, "id" | "timestamp"> & { status: AiPathRuntimeNodeStatus; }' is not assignable to type '{ nodeId: string; status: unknown; source: "local" | "server"; runId?: string | null | undefined; runStartedAt?: string | null | undefined; iteration?: number | undefined; nodeType?: string | null | undefined; ... 4 more ...; metadata?: Record<...> | ... 1 more ... | undefined; }'.
            Types of property 'nodeId' are incompatible.
              Type 'string | undefined' is not assignable to type 'string'.
                Type 'undefined' is not assignable to type 'string'.
src/features/ai/ai-paths/components/AiPathsSettings.tsx(114,5): error TS2322: Type '(options: SavePathConfigOptions | undefined) => void' is not assignable to type '(options?: SavePathConfigOptions | undefined) => Promise<boolean>'.
  Type 'void' is not assignable to type 'Promise<boolean>'.
src/features/ai/ai-paths/context/hooks/useStateBridge.ts(446,42): error TS2379: Argument of type '{ sendToAi?: (nodeId: string, prompt: string) => void; runSimulation?: (node: AiNode, triggerEvent: string | undefined) => void; fetchUpdaterSample?: (nodeId: string, entityType: string, entityId: string, options: { ...; } | undefined) => void; fetchParserSample?: (nodeId: string, entityType: string, entityId: strin...' is not assignable to parameter of type 'RuntimeNodeConfigHandlers' with 'exactOptionalPropertyTypes: true'. Consider adding 'undefined' to the types of the target's properties.
  The types returned by 'fetchParserSample(...)' are incompatible between these types.
    Type 'void' is not assignable to type 'Promise<void>'.
